Component: ARM Compiler 5.05 update 1 (build 106) Tool: armlink [4d0efa]

==============================================================================

Section Cross References

    startup_stm32f40_41xxx.o(RESET) refers to startup_stm32f40_41xxx.o(STACK) for __initial_sp
    startup_stm32f40_41xxx.o(RESET) refers to startup_stm32f40_41xxx.o(.text) for Reset_Handler
    startup_stm32f40_41xxx.o(RESET) refers to littletask.o(.text) for SysTick_Handler
    startup_stm32f40_41xxx.o(RESET) refers to usart.o(.text) for USART1_IRQHandler
    startup_stm32f40_41xxx.o(.text) refers to system_stm32f4xx.o(.text) for SystemInit
    startup_stm32f40_41xxx.o(.text) refers to entry.o(.ARM.Collect$$$$00000000) for __main
    system_stm32f4xx.o(.text) refers to system_stm32f4xx.o(.data) for .data
    main.o(.text) refers to flightcontrol.o(.text) for FlightControl::decode(unsigned char)
    main.o(.text) refers to usart.o(.text) for USART::usart::getRx() const
    main.o(.text) refers to printfa.o(i.__0printf) for __2printf
    main.o(.text) refers to main.o(i._ZNK5USART5usartlsEPc) for USART::usart::operator <<(char*) const
    main.o(.text) refers to logic.o(.text) for TaskList::init()
    main.o(.text) refers to dji_pro_test.o(.text) for DJI_Onboard_API_Landing()
    main.o(.text) refers to mechanical.o(.text) for mechanical::hasball()
    main.o(.text) refers to dji_pro_app.o(.text) for App_Send_Data(unsigned char, unsigned char, unsigned char, unsigned char, unsigned char*, int, void(*)(ProHeader*), int, int)
    main.o(.text) refers to f2d.o(.text) for __aeabi_f2d
    main.o(.text) refers to main.o(.data) for .data
    main.o(.text) refers to main.o(.bss) for .bss
    main.o(.text) refers to logic.o(.data) for TaskList::current
    main.o(.text) refers to littletask.o(.data) for pms
    main.o(.text) refers to logic.o(.data) for TaskList::SetTakeOff
    main.o(.text) refers to logic.o(.data) for TaskList::Little1
    main.o(.text) refers to logic.o(.data) for TaskList::SetDrop
    main.o(.text) refers to logic.o(.data) for TaskList::Little2
    main.o(.text) refers to logic.o(.data) for TaskList::SetTake
    main.o(.text) refers to flightcontrol.o(.bss) for command
    main.o(.text) refers to dji_pro_test.o(.bss) for Agl
    main.o(.text) refers to logic.o(.data) for TaskList::Little3
    main.o(.text) refers to logic.o(.data) for TaskList::Little4
    main.o(.text) refers to logic.o(.data) for TaskList::SetTest
    main.o(.text) refers to rtc.o(.text) for rtc_init
    main.o(.text) refers to memmovea.o(.text) for __aeabi_memcpy4
    main.o(.text) refers to littletask.o(.text) for LittleTask::init()
    main.o(.text) refers to cppforstm32.o(.text) for operator new(unsigned)
    main.o(.text) refers to dji_pro_hw.o(.text) for DJI_Pro_Hw::DJI_Pro_Hw()
    main.o(.text) refers to dji_pro_link.o(.text) for Pro_Link_Setup()
    main.o(.text) refers to misc.o(.text) for NVIC_PriorityGroupConfig
    main.o(.text) refers to logic.o(.data) for TaskList::SetLandIn
    main.o(.text) refers to logic.o(.data) for TaskList::SetBack
    main.o(.text) refers to logic.o(.data) for TaskList::SetMini
    main.o(.text) refers to logic.o(.data) for TaskList::SetLine
    main.o(.text) refers to logic.o(.data) for TaskList::SetBasket
    main.o(.text) refers to dji_pro_test.o(.data) for activation_msg
    main.o(.text) refers to main.o(.conststring) for .conststring
    main.o(.text) refers to dji_pro_hw.o(.data) for Pro_Hw
    main.o(.text) refers to dji_pro_test.o(.data) for cmd_handler_tab
    main.o(.text) refers to dji_pro_test.o(.data) for set_handler_tab
    main.o(.text) refers to usart.o(.data) for USART::defaultInit
    main.o(.ARM.exidx) refers to main.o(.text) for .text
    main.o(.init_array) refers to main.o(.text) for __sti___8_main_cpp_DJI
    main.o(.init_array) refers to cpp_init.o(.text) for __cpp_initialize__aeabi_
    gpio.o(.text) refers to stm32f4xx_gpio.o(.text) for GPIO_Init
    gpio.o(.ARM.exidx) refers to gpio.o(.text) for .text
    littletask.o(.text) refers to littletask.o(.data) for .data
    littletask.o(.text) refers to littletask.o(.bss) for .bss
    littletask.o(.ARM.exidx) refers to littletask.o(.text) for .text
    servo.o(.text) refers to stm32f4xx_rcc.o(.text) for RCC_APB1PeriphClockCmd
    servo.o(.text) refers to stm32f4xx_tim.o(.text) for TIM_InternalClockConfig
    servo.o(.ARM.exidx) refers to servo.o(.text) for .text
    usart.o(.text) refers to stm32f4xx_usart.o(.text) for USART_GetITStatus
    usart.o(.text) refers to cppforstm32.o(.text) for operator new[] (unsigned)
    usart.o(.text) refers to stm32f4xx_rcc.o(.text) for RCC_AHB1PeriphClockCmd
    usart.o(.text) refers to stm32f4xx_gpio.o(.text) for GPIO_Init
    usart.o(.text) refers to misc.o(.text) for NVIC_Init
    usart.o(.text) refers to dfixi.o(.text) for __aeabi_d2iz
    usart.o(.text) refers to dflti.o(.text) for __aeabi_i2d
    usart.o(.text) refers to dadd.o(.text) for __aeabi_drsub
[...]
    CRYP_IRQHandler                          0x080001bb   Thumb Code     0  startup_stm32f40_41xxx.o(.text)
    DCMI_IRQHandler                          0x080001bb   Thumb Code     0  startup_stm32f40_41xxx.o(.text)
    DMA1_Stream0_IRQHandler                  0x080001bb   Thumb Code     0  startup_stm32f40_41xxx.o(.text)
    DMA1_Stream1_IRQHandler                  0x080001bb   Thumb Code     0  startup_stm32f40_41xxx.o(.text)
    DMA1_Stream2_IRQHandler                  0x080001bb   Thumb Code     0  startup_stm32f40_41xxx.o(.text)
    DMA1_Stream3_IRQHandler                  0x080001bb   Thumb Code     0  startup_stm32f40_41xxx.o(.text)
    DMA1_Stream4_IRQHandler                  0x080001bb   Thumb Code     0  startup_stm32f40_41xxx.o(.text)
    DMA1_Stream5_IRQHandler                  0x080001bb   Thumb Code     0  startup_stm32f40_41xxx.o(.text)
    DMA1_Stream6_IRQHandler                  0x080001bb   Thumb Code     0  startup_stm32f40_41xxx.o(.text)
    DMA1_Stream7_IRQHandler                  0x080001bb   Thumb Code     0  startup_stm32f40_41xxx.o(.text)
    DMA2_Stream0_IRQHandler                  0x080001bb   Thumb Code     0  startup_stm32f40_41xxx.o(.text)
    DMA2_Stream1_IRQHandler                  0x080001bb   Thumb Code     0  startup_stm32f40_41xxx.o(.text)
    DMA2_Stream2_IRQHandler                  0x080001bb   Thumb Code     0  startup_stm32f40_41xxx.o(.text)
    DMA2_Stream3_IRQHandler                  0x080001bb   Thumb Code     0  startup_stm32f40_41xxx.o(.text)
    DMA2_Stream4_IRQHandler                  0x080001bb   Thumb Code     0  startup_stm32f40_41xxx.o(.text)
    DMA2_Stream5_IRQHandler                  0x080001bb   Thumb Code     0  startup_stm32f40_41xxx.o(.text)
    DMA2_Stream6_IRQHandler                  0x080001bb   Thumb Code     0  startup_stm32f40_41xxx.o(.text)
    DMA2_Stream7_IRQHandler                  0x080001bb   Thumb Code     0  startup_stm32f40_41xxx.o(.text)
    ETH_IRQHandler                           0x080001bb   Thumb Code     0  startup_stm32f40_41xxx.o(.text)
    ETH_WKUP_IRQHandler                      0x080001bb   Thumb Code     0  startup_stm32f40_41xxx.o(.text)
    EXTI0_IRQHandler                         0x080001bb   Thumb Code     0  startup_stm32f40_41xxx.o(.text)
    EXTI15_10_IRQHandler                     0x080001bb   Thumb Code     0  startup_stm32f40_41xxx.o(.text)
    EXTI1_IRQHandler                         0x080001bb   Thumb Code     0  startup_stm32f40_41xxx.o(.text)
    EXTI2_IRQHandler                         0x080001bb   Thumb Code     0  startup_stm32f40_41xxx.o(.text)
    EXTI3_IRQHandler                         0x080001bb   Thumb Code     0  startup_stm32f40_41xxx.o(.text)
    EXTI4_IRQHandler                         0x080001bb   Thumb Code     0  startup_stm32f40_41xxx.o(.text)
    EXTI9_5_IRQHandler                       0x080001bb   Thumb Code     0  startup_stm32f40_41xxx.o(.text)
    FLASH_IRQHandler                         0x080001bb   Thumb Code     0  startup_stm32f40_41xxx.o(.text)
    FPU_IRQHandler                           0x080001bb   Thumb Code     0  startup_stm32f40_41xxx.o(.text)
    FSMC_IRQHandler                          0x080001bb   Thumb Code     0  startup_stm32f40_41xxx.o(.text)
    HASH_RNG_IRQHandler                      0x080001bb   Thumb Code     0  startup_stm32f40_41xxx.o(.text)
    I2C1_ER_IRQHandler                       0x080001bb   Thumb Code     0  startup_stm32f40_41xxx.o(.text)
    I2C1_EV_IRQHandler                       0x080001bb   Thumb Code     0  startup_stm32f40_41xxx.o(.text)
    I2C2_ER_IRQHandler                       0x080001bb   Thumb Code     0  startup_stm32f40_41xxx.o(.text)
    I2C2_EV_IRQHandler                       0x080001bb   Thumb Code     0  startup_stm32f40_41xxx.o(.text)
    I2C3_ER_IRQHandler                       0x080001bb   Thumb Code     0  startup_stm32f40_41xxx.o(.text)
    I2C3_EV_IRQHandler                       0x080001bb   Thumb Code     0  startup_stm32f40_41xxx.o(.text)
    OTG_FS_IRQHandler                        0x080001bb   Thumb Code     0  startup_stm32f40_41xxx.o(.text)
    OTG_FS_WKUP_IRQHandler                   0x080001bb   Thumb Code     0  startup_stm32f40_41xxx.o(.text)
    OTG_HS_EP1_IN_IRQHandler                 0x080001bb   Thumb Code     0  startup_stm32f40_41xxx.o(.text)
    OTG_HS_EP1_OUT_IRQHandler                0x080001bb   Thumb Code     0  startup_stm32f40_41xxx.o(.text)
    OTG_HS_IRQHandler                        0x080001bb   Thumb Code     0  startup_stm32f40_41xxx.o(.text)
    OTG_HS_WKUP_IRQHandler                   0x080001bb   Thumb Code     0  startup_stm32f40_41xxx.o(.text)
    PVD_IRQHandler                           0x080001bb   Thumb Code     0  startup_stm32f40_41xxx.o(.text)
    RCC_IRQHandler                           0x080001bb   Thumb Code     0  startup_stm32f40_41xxx.o(.text)
    RTC_Alarm_IRQHandler                     0x080001bb   Thumb Code     0  startup_stm32f40_41xxx.o(.text)
    RTC_WKUP_IRQHandler                      0x080001bb   Thumb Code     0  startup_stm32f40_41xxx.o(.text)
    SDIO_IRQHandler                          0x080001bb   Thumb Code     0  startup_stm32f40_41xxx.o(.text)
    SPI1_IRQHandler                          0x080001bb   Thumb Code     0  startup_stm32f40_41xxx.o(.text)
    SPI2_IRQHandler                          0x080001bb   Thumb Code     0  startup_stm32f40_41xxx.o(.text)
    SPI3_IRQHandler                          0x080001bb   Thumb Code     0  startup_stm32f40_41xxx.o(.text)
    TAMP_STAMP_IRQHandler                    0x080001bb   Thumb Code     0  startup_stm32f40_41xxx.o(.text)
    TIM1_BRK_TIM9_IRQHandler                 0x080001bb   Thumb Code     0  startup_stm32f40_41xxx.o(.text)
    TIM1_CC_IRQHandler                       0x080001bb   Thumb Code     0  startup_stm32f40_41xxx.o(.text)
    TIM1_TRG_COM_TIM11_IRQHandler            0x080001bb   Thumb Code     0  startup_stm32f40_41xxx.o(.text)
    TIM1_UP_TIM10_IRQHandler                 0x080001bb   Thumb Code     0  startup_stm32f40_41xxx.o(.text)
    TIM2_IRQHandler                          0x080001bb   Thumb Code     0  startup_stm32f40_41xxx.o(.text)
    TIM3_IRQHandler                          0x080001bb   Thumb Code     0  startup_stm32f40_41xxx.o(.text)
    TIM4_IRQHandler                          0x080001bb   Thumb Code     0  startup_stm32f40_41xxx.o(.text)
    TIM5_IRQHandler                          0x080001bb   Thumb Code     0  startup_stm32f40_41xxx.o(.text)
    TIM6_DAC_IRQHandler                      0x080001bb   Thumb Code     0  startup_stm32f40_41xxx.o(.text)
    TIM7_IRQHandler                          0x080001bb   Thumb Code     0  startup_stm32f40_41xxx.o(.text)
    TIM8_BRK_TIM12_IRQHandler                0x080001bb   Thumb Code     0  startup_stm32f40_41xxx.o(.text)
    TIM8_CC_IRQHandler                       0x080001bb   Thumb Code     0  startup_stm32f40_41xxx.o(.text)
    TIM8_TRG_COM_TIM14_IRQHandler            0x080001bb   Thumb Code     0  startup_stm32f40_41xxx.o(.text)
    TIM8_UP_TIM13_IRQHandler                 0x080001bb   Thumb Code     0  startup_stm32f40_41xxx.o(.text)
    UART5_IRQHandler                         0x080001bb   Thumb Code     0  startup_stm32f40_41xxx.o(.text)
    USART6_IRQHandler                        0x080001bb   Thumb Code     0  startup_stm32f40_41xxx.o(.text)
    WWDG_IRQHandler                          0x080001bb   Thumb Code     0  startup_stm32f40_41xxx.o(.text)
    SystemInit                               0x08000267   Thumb Code    74  system_stm32f4xx.o(.text)
    SystemCoreClockUpdate                    0x080002b1   Thumb Code   108  system_stm32f4xx.o(.text)
    toCVTask()                               0x08000341   Thumb Code   386  main.o(.text)
    ctrl()                                   0x080004c3   Thumb Code   124  main.o(.text)
    testStateMachine()                       0x0800053f   Thumb Code   938  main.o(.text)
    main                                     0x080008e9   Thumb Code   306  main.o(.text)
    ECHO_TO_DEBUG_IRQ                        0x08000a1b   Thumb Code    36  main.o(.text)
    ECHO_TO_UPPER_IRQ                        0x08000a3f   Thumb Code    36  main.o(.text)
    ECHO_TO_DJIPORT_IRQ                      0x08000a63   Thumb Code    38  main.o(.text)
    SysTick_Handler                          0x08000b7d   Thumb Code    20  littletask.o(.text)
    LittleTask::LittleTask(void(*)(), unsigned, unsigned, int) 0x08000b91   Thumb Code    52  littletask.o(.text)
    LittleTask::LittleTask__sub_object(void(*)(), unsigned, unsigned, int) 0x08000b91   Thumb Code     0  littletask.o(.text)
    LittleTask::init()                       0x08000bc5   Thumb Code    40  littletask.o(.text)
    LittleTask::pollTasks()                  0x08000bed   Thumb Code    90  littletask.o(.text)
    Servo::Servo(TIM_TypeDef*, unsigned char, unsigned, unsigned, unsigned char) 0x08000c59   Thumb Code   264  servo.o(.text)
    Servo::Servo__sub_object(TIM_TypeDef*, unsigned char, unsigned, unsigned, unsigned char) 0x08000c59   Thumb Code     0  servo.o(.text)
    Servo::convert(unsigned)                 0x08000d61   Thumb Code    20  servo.o(.text)
    Servo::setpos(unsigned)                  0x08000d75   Thumb Code    68  servo.o(.text)
    USART::Buffer::read(unsigned char&)      0x08000dc1   Thumb Code    58  usart.o(.text)
    USART::Buffer::length()                  0x08000dfb   Thumb Code    40  usart.o(.text)
    USART::Buffer::write(unsigned char&)     0x08000e23   Thumb Code    52  usart.o(.text)
    USART::usart::defaultIRQHandler(USART::usart*) 0x08000e57   Thumb Code   134  usart.o(.text)
    USART1_IRQHandler                        0x08000edd   Thumb Code    16  usart.o(.text)
    USART2_IRQHandler                        0x08000eed   Thumb Code    16  usart.o(.text)
    USART3_IRQHandler                        0x08000efd   Thumb Code    16  usart.o(.text)
    UART4_IRQHandler                         0x08000f0d   Thumb Code    16  usart.o(.text)
    USART::Buffer::init(unsigned char*, unsigned) 0x08000f1d   Thumb Code    18  usart.o(.text)
    USART::Buffer::Buffer(unsigned char*, unsigned) 0x08000f2f   Thumb Code    12  usart.o(.text)
    USART::Buffer::Buffer__sub_object(unsigned char*, unsigned) 0x08000f2f   Thumb Code     0  usart.o(.text)
    USART::Buffer::Buffer(unsigned)          0x08000f3b   Thumb Code    26  usart.o(.text)
    USART::Buffer::Buffer__sub_object(unsigned) 0x08000f3b   Thumb Code     0  usart.o(.text)
    USART::Buffer::writeMultible(unsigned char*, unsigned) 0x08000f55   Thumb Code     4  usart.o(.text)
    USART::Buffer::readMultible(void*, unsigned) 0x08000f59   Thumb Code    20  usart.o(.text)
    USART::Buffer::isEmpty()                 0x08000f6d   Thumb Code    20  usart.o(.text)
    USART::Buffer::isFull()                  0x08000f81   Thumb Code    20  usart.o(.text)
    USART::Buffer::recallRead()              0x08000f95   Thumb Code    42  usart.o(.text)
    USART::Buffer::flush(int)                0x08000fbf   Thumb Code    36  usart.o(.text)
    USART::usart::init(USART::usartPort, USART::Buffer*, USART::Buffer*, unsigned, USART_InitTypeDef*) 0x08000fe3   Thumb Code   404  usart.o(.text)
    USART::usart::usart(USART::usartPort, unsigned, unsigned, USART_InitTypeDef*) 0x08001177   Thumb Code    62  usart.o(.text)
    USART::usart::usart__sub_object(USART::usartPort, unsigned, unsigned, USART_InitTypeDef*) 0x08001177   Thumb Code     0  usart.o(.text)
    USART::usart::usart(USART::usartPort, USART::Buffer*, USART::Buffer*, unsigned, USART_InitTypeDef*) 0x080011b5   Thumb Code    22  usart.o(.text)
    USART::usart::usart__sub_object(USART::usartPort, USART::Buffer*, USART::Buffer*, unsigned, USART_InitTypeDef*) 0x080011b5   Thumb Code     0  usart.o(.text)
    USART::usart::flush(unsigned)            0x080011cb   Thumb Code     4  usart.o(.text)
    USART::usart::print(unsigned char) const 0x080011cf   Thumb Code    36  usart.o(.text)
    USART::usart::printch(char) const        0x080011f3   Thumb Code     2  usart.o(.text)
    USART::usart::printdec(unsigned) const   0x080011f5   Thumb Code    38  usart.o(.text)
    USART::usart::printdecSigned(int) const  0x0800121b   Thumb Code    24  usart.o(.text)
    USART::usart::printflt(double) const     0x08001233   Thumb Code    86  usart.o(.text)
    USART::usart::printstr(char*) const      0x08001289   Thumb Code    24  usart.o(.text)
    USART::usart::printbin(int) const        0x080012a1   Thumb Code    72  usart.o(.text)
    USART::usart::printhex(unsigned) const   0x080012e9   Thumb Code    44  usart.o(.text)
    USART::usart::getRx() const              0x08001315   Thumb Code     4  usart.o(.text)
    USART::usart::getTx() const              0x08001319   Thumb Code     4  usart.o(.text)
    USART::usart::setIRQRunPoint(unsigned)   0x0800131d   Thumb Code     4  usart.o(.text)
    operator new(unsigned)                   0x08001329   Thumb Code    10  cppforstm32.o(.text)
    operator new[] (unsigned)                0x08001333   Thumb Code     2  cppforstm32.o(.text)
    operator delete (void*)                  0x08001335   Thumb Code    10  cppforstm32.o(.text)
    operator delete[] (void*)                0x0800133f   Thumb Code     2  cppforstm32.o(.text)
    fputc                                    0x08001341   Thumb Code    16  cppforstm32.o(.text)
    GetKey                                   0x08001351   Thumb Code    24  cppforstm32.o(.text)
    mechanical::mechanical()                 0x0800136d   Thumb Code    52  mechanical.o(.text)
    mechanical::mechanical__sub_object()     0x0800136d   Thumb Code     0  mechanical.o(.text)
    mechanical::init()                       0x080013a1   Thumb Code   212  mechanical.o(.text)
    mechanical::test(unsigned short)         0x08001475   Thumb Code    16  mechanical.o(.text)
    mechanical::back()                       0x08001485   Thumb Code    44  mechanical.o(.text)
    mechanical::out()                        0x080014b1   Thumb Code    44  mechanical.o(.text)
    mechanical::stop()                       0x080014dd   Thumb Code    16  mechanical.o(.text)
    mechanical::atEnd()                      0x080014ed   Thumb Code    32  mechanical.o(.text)
    mechanical::drop(int)                    0x0800150d   Thumb Code    14  mechanical.o(.text)
    mechanical::hasball()                    0x0800151b   Thumb Code    68  mechanical.o(.text)
    find_set_index(unsigned char, _set_tab*) 0x0800156d   Thumb Code    32  dji_pro_app.o(.text)
    find_cmd_index(unsigned char, _cmd_tab*) 0x0800158d   Thumb Code    32  dji_pro_app.o(.text)
    App_Set_Table(_set_tab*, _cmd_tab*)      0x080015ad   Thumb Code     8  dji_pro_app.o(.text)
    App_Send_Data(unsigned char, unsigned char, unsigned char, unsigned char, unsigned char*, int, void(*)(ProHeader*), int, int) 0x080015b5   Thumb Code    78  dji_pro_app.o(.text)
    App_Recv_Req_Data(ProHeader*)            0x08001603   Thumb Code   136  dji_pro_app.o(.text)
    App_Send_Ack(req_id_t, unsigned char*, int) 0x0800168b   Thumb Code    48  dji_pro_app.o(.text)
    sdk_ack_cmd_callback(ProHeader*)         0x080016bb   Thumb Code    62  dji_pro_app.o(.text)
    is_sys_error(unsigned short)             0x080016f9   Thumb Code    56  dji_pro_app.o(.text)
    CmdRecvThread()                          0x08001731   Thumb Code   186  dji_pro_app.o(.text)
    App_Complex_Send_Cmd(unsigned char, void(*)(unsigned short*)) 0x080017eb   Thumb Code    24  dji_pro_app.o(.text)
    rj_xtime(unsigned char)                  0x0800198d   Thumb Code    18  dji_pro_codec.o(.text)
    aes_subBytes(unsigned char*)             0x0800199f   Thumb Code    20  dji_pro_codec.o(.text)
    aes_subBytes_inv(unsigned char*)         0x080019b3   Thumb Code    20  dji_pro_codec.o(.text)
    aes_addRoundKey(unsigned char*, unsigned char*) 0x080019c7   Thumb Code    22  dji_pro_codec.o(.text)
    aes_addRoundKey_cpy(unsigned char*, unsigned char*, unsigned char*) 0x080019dd   Thumb Code    32  dji_pro_codec.o(.text)
    aes_shiftRows(unsigned char*)            0x080019fd   Thumb Code    50  dji_pro_codec.o(.text)
    aes_shiftRows_inv(unsigned char*)        0x08001a2f   Thumb Code    50  dji_pro_codec.o(.text)
    aes_mixColumns(unsigned char*)           0x08001a61   Thumb Code   110  dji_pro_codec.o(.text)
    aes_mixColumns_inv(unsigned char*)       0x08001acf   Thumb Code   166  dji_pro_codec.o(.text)
    aes_expandEncKey(unsigned char*, unsigned char*) 0x08001b75   Thumb Code   200  dji_pro_codec.o(.text)
    aes_expandDecKey(unsigned char*, unsigned char*) 0x08001c3d   Thumb Code   194  dji_pro_codec.o(.text)
    aes256_init(tagAES256Context*, unsigned char*) 0x08001cff   Thumb Code    56  dji_pro_codec.o(.text)
    aes256_done(tagAES256Context*)           0x08001d37   Thumb Code    26  dji_pro_codec.o(.text)
    aes256_encrypt_ecb(tagAES256Context*, unsigned char*) 0x08001d51   Thumb Code   118  dji_pro_codec.o(.text)
    aes256_decrypt_ecb(tagAES256Context*, unsigned char*) 0x08001dc7   Thumb Code   104  dji_pro_codec.o(.text)
    crc16_update(unsigned short, unsigned char) 0x08001e2f   Thumb Code    18  dji_pro_codec.o(.text)
    crc32_update(unsigned, unsigned char)    0x08001e41   Thumb Code    18  dji_pro_codec.o(.text)
    sdk_stream_crc16_calc(const unsigned char*, unsigned) 0x08001e53   Thumb Code    28  dji_pro_codec.o(.text)
    sdk_stream_crc32_calc(const unsigned char*, unsigned) 0x08001e6f   Thumb Code    28  dji_pro_codec.o(.text)
    sdk_serial_set_hook(void(*)(SDKHeader*)) 0x08001e8b   Thumb Code     8  dji_pro_codec.o(.text)
    sdk_stream_prepare(SDKFilter*, SDKHeader*) 0x08001e93   Thumb Code    36  dji_pro_codec.o(.text)
    sdk_stream_codec(SDKFilter*, SDKHeader*, void(*)(tagAES256Context*, unsigned char*)) 0x08001eb7   Thumb Code   118  dji_pro_codec.o(.text)
    sdk_call_data_app(SDKFilter*)            0x08001f2d   Thumb Code    42  dji_pro_codec.o(.text)
    sdk_stream_shift_data(SDKFilter*)        0x08001f57   Thumb Code    26  dji_pro_codec.o(.text)
    sdk_stream_store_data(SDKFilter*, unsigned char) 0x08001f71   Thumb Code    36  dji_pro_codec.o(.text)
    sdk_stream_update_reuse_part(SDKFilter*) 0x08001f95   Thumb Code    48  dji_pro_codec.o(.text)
    sdk_stream_verify_data(SDKFilter*)       0x08001fc5   Thumb Code    34  dji_pro_codec.o(.text)
    sdk_stream_verify_head(SDKFilter*)       0x08001fe7   Thumb Code    74  dji_pro_codec.o(.text)
    sdk_check_stream_state(SDKFilter*)       0x08002031   Thumb Code    26  dji_pro_codec.o(.text)
    sdk_byte_stream_handler(SDKFilter*, unsigned char) 0x0800204b   Thumb Code    16  dji_pro_codec.o(.text)
    sdk_serial_byte_handle(unsigned char)    0x0800205b   Thumb Code    56  dji_pro_codec.o(.text)
    sdk_stream_recalc_crc(void*)             0x08002093   Thumb Code    68  dji_pro_codec.o(.text)
    sdk_comm_set_key(SDKFilter*, const char*) 0x080020d7   Thumb Code    72  dji_pro_codec.o(.text)
    sdk_set_encrypt_key_interface(const char*) 0x0800211f   Thumb Code     6  dji_pro_codec.o(.text)
    sdk_encrypt_interface(unsigned char*, const unsigned char*, unsigned short, unsigned char, unsigned char, unsigned char, unsigned short) 0x08002125   Thumb Code   176  dji_pro_codec.o(.text)
    DJI_Pro_Hw::DJI_Pro_Hw()                 0x080021e9   Thumb Code    12  dji_pro_hw.o(.text)
    DJI_Pro_Hw::DJI_Pro_Hw__sub_object()     0x080021e9   Thumb Code     0  dji_pro_hw.o(.text)
    DJI_Pro_Hw::Pro_Hw_Send(unsigned char*, int) 0x080021f5   Thumb Code    32  dji_pro_hw.o(.text)
    DJI_Pro_Hw::run()                        0x08002215   Thumb Code    34  dji_pro_hw.o(.text)
    Pro_Request_Interface(ProHeader*)        0x08002241   Thumb Code    12  dji_pro_link.o(.text)
    Search_Ack_Session(unsigned char)        0x0800224d   Thumb Code    34  dji_pro_link.o(.text)
    Free_Send_MMU(Memory_Manage_Unit*)       0x0800226f   Thumb Code    12  dji_pro_link.o(.text)
    Free_Send_Session(Session_Queue*)        0x0800227b   Thumb Code    26  dji_pro_link.o(.text)
    Pro_Link_Recv_Hook(ProHeader*)           0x08002295   Thumb Code   294  dji_pro_link.o(.text)
    Get_TimeStamp()                          0x080023bb   Thumb Code     6  dji_pro_link.o(.text)
    Send_Poll()                              0x080023c1   Thumb Code   124  dji_pro_link.o(.text)
    Request_Send_MMU(unsigned short)         0x0800243d   Thumb Code    54  dji_pro_link.o(.text)
    Request_Ack_MMU(unsigned short)          0x08002473   Thumb Code    56  dji_pro_link.o(.text)
    Request_Send_Session(unsigned short)     0x080024ab   Thumb Code    68  dji_pro_link.o(.text)
    Pro_Link_Setup()                         0x080024ef   Thumb Code   154  dji_pro_link.o(.text)
    Pro_Config_Comm_Encrypt_Key(const char*) 0x08002589   Thumb Code     4  dji_pro_link.o(.text)
    Pro_Ack_Interface(ProAckParameter*)      0x0800258d   Thumb Code   142  dji_pro_link.o(.text)
    Pro_Send_Interface(ProSendParameter*)    0x0800261b   Thumb Code   530  dji_pro_link.o(.text)
    App_Recv_Set_Hook(void(*)(ProHeader*))   0x0800282d   Thumb Code     6  dji_pro_link.o(.text)
    Test_ACK_Callback(ProHeader*)            0x08002833   Thumb Code    16  dji_pro_link.o(.text)
    Test_Pro_Link()                          0x08002843   Thumb Code   224  dji_pro_link.o(.text)
    nav_force_close_handler(unsigned char, unsigned char*, unsigned short, req_id_t) 0x08002965   Thumb Code    44  dji_pro_test.o(.text)
    sdk_std_msgs_handler(unsigned char, unsigned char*, unsigned short, req_id_t) 0x08002991   Thumb Code   558  dji_pro_test.o(.text)
    basic_test_mode2(bool&)                  0x08002bbf   Thumb Code   274  dji_pro_test.o(.text)
    basic_test_mode4(bool&)                  0x08002cd1   Thumb Code   348  dji_pro_test.o(.text)
    cmd_callback_test_fun(unsigned short*)   0x08002e2d   Thumb Code    74  dji_pro_test.o(.text)
    basic_test_cmd(bool&)                    0x08002e77   Thumb Code   106  dji_pro_test.o(.text)
    random_test_ack_cmd_callback(ProHeader*) 0x08002ee1   Thumb Code   102  dji_pro_test.o(.text)
    random_test_cmd(bool&)                   0x08002f47   Thumb Code   118  dji_pro_test.o(.text)
    cmd_callback_fun(unsigned short*)        0x08002fbd   Thumb Code    70  dji_pro_test.o(.text)
    test_all(bool&)                          0x08003003   Thumb Code   166  dji_pro_test.o(.text)
    test_activation_ack_cmd_callback(ProHeader*) 0x080030a9   Thumb Code   136  dji_pro_test.o(.text)
    test_activation()                        0x08003131   Thumb Code    60  dji_pro_test.o(.text)
    test_version_query_ack_cmd_callback(ProHeader*) 0x0800316d   Thumb Code    82  dji_pro_test.o(.text)
    test_version_query()                     0x080031bf   Thumb Code   586  dji_pro_test.o(.text)
    DJI_cmd_data_callback(unsigned char)     0x08003409   Thumb Code    56  dji_pro_test.o(.text)
    sdk_ack_nav_open_close_callback(ProHeader*) 0x08003441   Thumb Code    54  dji_pro_test.o(.text)
    DJI_ctrl_data_callback(float, float, float, float) 0x08003477   Thumb Code   206  dji_pro_test.o(.text)
    DJI_ctrl_mode_callback(int)              0x08003545   Thumb Code    42  dji_pro_test.o(.text)
    DJI_simple_task_callback(int)            0x0800356f   Thumb Code     6  dji_pro_test.o(.text)
    DJI_query_callback()                     0x08003575   Thumb Code    90  dji_pro_test.o(.text)
    DJI_Get_Info(unsigned char*, unsigned char*, unsigned char*) 0x080035cf   Thumb Code    18  dji_pro_test.o(.text)
    Get_Time()                               0x080035e1   Thumb Code     6  dji_pro_test.o(.text)
    spin_callback()                          0x080035e7   Thumb Code   200  dji_pro_test.o(.text)
    DJI_Onboard_API_Takeoff()                0x080036af   Thumb Code     4  dji_pro_test.o(.text)
    DJI_Onboard_API_Landing()                0x080036b3   Thumb Code     4  dji_pro_test.o(.text)
    DJI_Onboard_API_Gohome()                 0x080036b7   Thumb Code     4  dji_pro_test.o(.text)
    DJI_Onboard_API_Control(unsigned char)   0x080036bb   Thumb Code    52  dji_pro_test.o(.text)
    DJI_Onboard_API_Activation()             0x080036ef   Thumb Code     2  dji_pro_test.o(.text)
    FlightControl::init()                    0x08003921   Thumb Code    28  flightcontrol.o(.text)
    FlightControl::set(int, int, int, int)   0x0800393d   Thumb Code   406  flightcontrol.o(.text)
    FlightControl::smooth()                  0x08003ad3   Thumb Code    12  flightcontrol.o(.text)
    FlightControl::takeoff()                 0x08003adf   Thumb Code    10  flightcontrol.o(.text)
    FlightControl::decode(unsigned char)     0x08003ae9   Thumb Code   270  flightcontrol.o(.text)
    Logic::takeOff(int)                      0x08003c5d   Thumb Code    16  logic.o(.text)
    Logic::toHeight(int)                     0x08003c6d   Thumb Code   130  logic.o(.text)
    Logic::offSet()                          0x08003cef   Thumb Code    94  logic.o(.text)
    Logic::angle(int)                        0x08003d4d   Thumb Code   116  logic.o(.text)
    Logic::delay(int)                        0x08003dc1   Thumb Code     4  logic.o(.text)
    Logic::moveX(int)                        0x08003dc5   Thumb Code   108  logic.o(.text)
    Logic::stop(int)                         0x08003e31   Thumb Code    18  logic.o(.text)
    Logic::landIn(int)                       0x08003e43   Thumb Code    10  logic.o(.text)
    Logic::moveY(int)                        0x08003e4d   Thumb Code    24  logic.o(.text)
    Logic::takeBall(int)                     0x08003e65   Thumb Code     6  logic.o(.text)
    Logic::dropBall(int)                     0x08003e6b   Thumb Code    14  logic.o(.text)
    Logic::moveToCentre(int)                 0x08003e79   Thumb Code     6  logic.o(.text)
    Logic::trackBasket(int)                  0x08003e7f   Thumb Code   250  logic.o(.text)
    Logic::stopMove(int)                     0x08003f79   Thumb Code     6  logic.o(.text)
    TaskList::pollTask()                     0x08003f7f   Thumb Code   130  logic.o(.text)
    TaskList::init()                         0x08004001   Thumb Code    26  logic.o(.text)
    RTC_Config                               0x080040cd   Thumb Code    64  rtc.o(.text)
    RTC_TimeRegulate                         0x0800410d   Thumb Code    90  rtc.o(.text)
    rtc_set_time                             0x08004167   Thumb Code     2  rtc.o(.text)
    rtc_init                                 0x08004169   Thumb Code   148  rtc.o(.text)
    rtc_get_time                             0x080041fd   Thumb Code    78  rtc.o(.text)
    NVIC_PriorityGroupConfig                 0x08004259   Thumb Code    10  misc.o(.text)
    NVIC_Init                                0x08004263   Thumb Code    96  misc.o(.text)
    NVIC_SetVectorTable                      0x080042c3   Thumb Code    14  misc.o(.text)
    NVIC_SystemLPConfig                      0x080042d1   Thumb Code    20  misc.o(.text)
    SysTick_CLKSourceConfig                  0x080042e5   Thumb Code    24  misc.o(.text)
    EXTI_DeInit                              0x08004309   Thumb Code    28  stm32f4xx_exti.o(.text)
    EXTI_Init                                0x08004325   Thumb Code   108  stm32f4xx_exti.o(.text)
    EXTI_StructInit                          0x08004391   Thumb Code    14  stm32f4xx_exti.o(.text)
    EXTI_GenerateSWInterrupt                 0x0800439f   Thumb Code    12  stm32f4xx_exti.o(.text)
    EXTI_GetFlagStatus                       0x080043ab   Thumb Code    18  stm32f4xx_exti.o(.text)
    EXTI_ClearFlag                           0x080043bd   Thumb Code     8  stm32f4xx_exti.o(.text)
    EXTI_GetITStatus                         0x080043c5   Thumb Code    18  stm32f4xx_exti.o(.text)
    EXTI_ClearITPendingBit                   0x080043d7   Thumb Code     8  stm32f4xx_exti.o(.text)
    GPIO_DeInit                              0x080043e9   Thumb Code   216  stm32f4xx_gpio.o(.text)
    GPIO_Init                                0x080044c1   Thumb Code   162  stm32f4xx_gpio.o(.text)
    GPIO_StructInit                          0x08004563   Thumb Code    18  stm32f4xx_gpio.o(.text)
    GPIO_PinLockConfig                       0x08004575   Thumb Code    24  stm32f4xx_gpio.o(.text)
    GPIO_ReadInputDataBit                    0x0800458d   Thumb Code    14  stm32f4xx_gpio.o(.text)
    GPIO_ReadInputData                       0x0800459b   Thumb Code     6  stm32f4xx_gpio.o(.text)
    GPIO_ReadOutputDataBit                   0x080045a1   Thumb Code    14  stm32f4xx_gpio.o(.text)
    GPIO_ReadOutputData                      0x080045af   Thumb Code     6  stm32f4xx_gpio.o(.text)
    GPIO_SetBits                             0x080045b5   Thumb Code     4  stm32f4xx_gpio.o(.text)
    GPIO_ResetBits                           0x080045b9   Thumb Code     4  stm32f4xx_gpio.o(.text)
    GPIO_WriteBit                            0x080045bd   Thumb Code    10  stm32f4xx_gpio.o(.text)
    GPIO_Write                               0x080045c7   Thumb Code     4  stm32f4xx_gpio.o(.text)
    GPIO_ToggleBits                          0x080045cb   Thumb Code     8  stm32f4xx_gpio.o(.text)
    GPIO_PinAFConfig                         0x080045d3   Thumb Code    32  stm32f4xx_gpio.o(.text)
    PWR_DeInit                               0x08004621   Thumb Code    24  stm32f4xx_pwr.o(.text)
    PWR_BackupAccessCmd                      0x08004639   Thumb Code     6  stm32f4xx_pwr.o(.text)
    PWR_PVDLevelConfig                       0x0800463f   Thumb Code    14  stm32f4xx_pwr.o(.text)
    PWR_PVDCmd                               0x0800464d   Thumb Code     6  stm32f4xx_pwr.o(.text)
    PWR_WakeUpPinCmd                         0x08004653   Thumb Code     8  stm32f4xx_pwr.o(.text)
    PWR_BackupRegulatorCmd                   0x0800465b   Thumb Code     8  stm32f4xx_pwr.o(.text)
    PWR_MainRegulatorModeConfig              0x08004663   Thumb Code    14  stm32f4xx_pwr.o(.text)
    PWR_OverDriveCmd                         0x08004671   Thumb Code     6  stm32f4xx_pwr.o(.text)
    PWR_OverDriveSWCmd                       0x08004677   Thumb Code     6  stm32f4xx_pwr.o(.text)
    PWR_UnderDriveCmd                        0x0800467d   Thumb Code    22  stm32f4xx_pwr.o(.text)
    PWR_FlashPowerDownCmd                    0x08004693   Thumb Code     6  stm32f4xx_pwr.o(.text)
    PWR_EnterSTOPMode                        0x08004699   Thumb Code    46  stm32f4xx_pwr.o(.text)
    PWR_EnterUnderDriveSTOPMode              0x080046c7   Thumb Code    46  stm32f4xx_pwr.o(.text)
    PWR_EnterSTANDBYMode                     0x080046f5   Thumb Code    32  stm32f4xx_pwr.o(.text)
    PWR_GetFlagStatus                        0x08004715   Thumb Code    16  stm32f4xx_pwr.o(.text)
    PWR_ClearFlag                            0x08004725   Thumb Code    12  stm32f4xx_pwr.o(.text)
    RCC_DeInit                               0x0800473d   Thumb Code    68  stm32f4xx_rcc.o(.text)
    RCC_HSEConfig                            0x08004781   Thumb Code    12  stm32f4xx_rcc.o(.text)
    RCC_GetFlagStatus                        0x0800478d   Thumb Code    46  stm32f4xx_rcc.o(.text)
    RCC_WaitForHSEStartUp                    0x080047bb   Thumb Code    44  stm32f4xx_rcc.o(.text)
    RCC_AdjustHSICalibrationValue            0x080047e7   Thumb Code    16  stm32f4xx_rcc.o(.text)
    RCC_HSICmd                               0x080047f7   Thumb Code     6  stm32f4xx_rcc.o(.text)
    RCC_LSEConfig                            0x080047fd   Thumb Code    24  stm32f4xx_rcc.o(.text)
    RCC_LSICmd                               0x08004815   Thumb Code     6  stm32f4xx_rcc.o(.text)
    RCC_PLLConfig                            0x0800481b   Thumb Code    32  stm32f4xx_rcc.o(.text)
    RCC_PLLCmd                               0x0800483b   Thumb Code     6  stm32f4xx_rcc.o(.text)
    RCC_PLLI2SConfig                         0x08004841   Thumb Code    14  stm32f4xx_rcc.o(.text)
    RCC_PLLI2SCmd                            0x0800484f   Thumb Code     6  stm32f4xx_rcc.o(.text)
    RCC_PLLSAIConfig                         0x08004855   Thumb Code    18  stm32f4xx_rcc.o(.text)
    RCC_PLLSAICmd                            0x08004867   Thumb Code     6  stm32f4xx_rcc.o(.text)
    RCC_ClockSecuritySystemCmd               0x0800486d   Thumb Code     6  stm32f4xx_rcc.o(.text)
    RCC_MCO1Config                           0x08004873   Thumb Code    18  stm32f4xx_rcc.o(.text)
    RCC_MCO2Config                           0x08004885   Thumb Code    18  stm32f4xx_rcc.o(.text)
    RCC_SYSCLKConfig                         0x08004897   Thumb Code    16  stm32f4xx_rcc.o(.text)
    RCC_GetSYSCLKSource                      0x080048a7   Thumb Code    12  stm32f4xx_rcc.o(.text)
    RCC_HCLKConfig                           0x080048b3   Thumb Code    16  stm32f4xx_rcc.o(.text)
    RCC_PCLK1Config                          0x080048c3   Thumb Code    16  stm32f4xx_rcc.o(.text)
    RCC_PCLK2Config                          0x080048d3   Thumb Code    18  stm32f4xx_rcc.o(.text)
    RCC_GetClocksFreq                        0x080048e5   Thumb Code   134  stm32f4xx_rcc.o(.text)
    RCC_RTCCLKConfig                         0x0800496b   Thumb Code    42  stm32f4xx_rcc.o(.text)
    RCC_RTCCLKCmd                            0x08004995   Thumb Code     8  stm32f4xx_rcc.o(.text)
    RCC_BackupResetCmd                       0x0800499d   Thumb Code     8  stm32f4xx_rcc.o(.text)
    RCC_I2SCLKConfig                         0x080049a5   Thumb Code     8  stm32f4xx_rcc.o(.text)
    RCC_SAIPLLI2SClkDivConfig                0x080049ad   Thumb Code    18  stm32f4xx_rcc.o(.text)
    RCC_SAIPLLSAIClkDivConfig                0x080049bf   Thumb Code    24  stm32f4xx_rcc.o(.text)
    RCC_SAIBlockACLKConfig                   0x080049d7   Thumb Code    16  stm32f4xx_rcc.o(.text)
    RCC_SAIBlockBCLKConfig                   0x080049e7   Thumb Code    16  stm32f4xx_rcc.o(.text)
    RCC_LTDCCLKDivConfig                     0x080049f7   Thumb Code    16  stm32f4xx_rcc.o(.text)
    RCC_TIMCLKPresConfig                     0x08004a07   Thumb Code     8  stm32f4xx_rcc.o(.text)
    RCC_AHB1PeriphClockCmd                   0x08004a0f   Thumb Code    20  stm32f4xx_rcc.o(.text)
    RCC_AHB2PeriphClockCmd                   0x08004a23   Thumb Code    20  stm32f4xx_rcc.o(.text)
    RCC_AHB3PeriphClockCmd                   0x08004a37   Thumb Code    20  stm32f4xx_rcc.o(.text)
    RCC_APB1PeriphClockCmd                   0x08004a4b   Thumb Code    20  stm32f4xx_rcc.o(.text)
    RCC_APB2PeriphClockCmd                   0x08004a5f   Thumb Code    20  stm32f4xx_rcc.o(.text)
    RCC_AHB1PeriphResetCmd                   0x08004a73   Thumb Code    20  stm32f4xx_rcc.o(.text)
    RCC_AHB2PeriphResetCmd                   0x08004a87   Thumb Code    20  stm32f4xx_rcc.o(.text)
    RCC_AHB3PeriphResetCmd                   0x08004a9b   Thumb Code    20  stm32f4xx_rcc.o(.text)
    RCC_APB1PeriphResetCmd                   0x08004aaf   Thumb Code    20  stm32f4xx_rcc.o(.text)
    RCC_APB2PeriphResetCmd                   0x08004ac3   Thumb Code    20  stm32f4xx_rcc.o(.text)
    RCC_AHB1PeriphClockLPModeCmd             0x08004ad7   Thumb Code    20  stm32f4xx_rcc.o(.text)
    RCC_AHB2PeriphClockLPModeCmd             0x08004aeb   Thumb Code    20  stm32f4xx_rcc.o(.text)
    RCC_AHB3PeriphClockLPModeCmd             0x08004aff   Thumb Code    20  stm32f4xx_rcc.o(.text)
    RCC_APB1PeriphClockLPModeCmd             0x08004b13   Thumb Code    64  stm32f4xx_rcc.o(.text)
    RCC_APB2PeriphClockLPModeCmd             0x08004b53   Thumb Code    18  stm32f4xx_rcc.o(.text)
    RCC_ITConfig                             0x08004b65   Thumb Code    20  stm32f4xx_rcc.o(.text)
    RCC_ClearFlag                            0x08004b79   Thumb Code    14  stm32f4xx_rcc.o(.text)
    RCC_GetITStatus                          0x08004b87   Thumb Code    18  stm32f4xx_rcc.o(.text)
    RCC_ClearITPendingBit                    0x08004b99   Thumb Code     8  stm32f4xx_rcc.o(.text)
    RTC_WaitForSynchro                       0x08004ba5   Thumb Code    70  stm32f4xx_rtc.o(.text)
    RTC_EnterInitMode                        0x08004beb   Thumb Code    58  stm32f4xx_rtc.o(.text)
    RTC_DeInit                               0x08004c25   Thumb Code   168  stm32f4xx_rtc.o(.text)
    RTC_ExitInitMode                         0x08004ccd   Thumb Code    14  stm32f4xx_rtc.o(.text)
    RTC_Init                                 0x08004cdb   Thumb Code    74  stm32f4xx_rtc.o(.text)
    RTC_StructInit                           0x08004d25   Thumb Code    14  stm32f4xx_rtc.o(.text)
    RTC_WriteProtectionCmd                   0x08004d33   Thumb Code    18  stm32f4xx_rtc.o(.text)
    RTC_RefClockCmd                          0x08004d45   Thumb Code    56  stm32f4xx_rtc.o(.text)
    RTC_BypassShadowCmd                      0x08004d7d   Thumb Code    38  stm32f4xx_rtc.o(.text)
    RTC_SetTime                              0x08004da3   Thumb Code   150  stm32f4xx_rtc.o(.text)
    RTC_TimeStructInit                       0x08004e39   Thumb Code    12  stm32f4xx_rtc.o(.text)
    RTC_GetTime                              0x08004e45   Thumb Code    70  stm32f4xx_rtc.o(.text)
    RTC_GetSubSecond                         0x08004e8b   Thumb Code    14  stm32f4xx_rtc.o(.text)
    RTC_SetDate                              0x08004e99   Thumb Code   144  stm32f4xx_rtc.o(.text)
    RTC_DateStructInit                       0x08004f29   Thumb Code    14  stm32f4xx_rtc.o(.text)
    RTC_GetDate                              0x08004f37   Thumb Code    66  stm32f4xx_rtc.o(.text)
    RTC_SetAlarm                             0x08004f79   Thumb Code   176  stm32f4xx_rtc.o(.text)
    RTC_AlarmStructInit                      0x08005029   Thumb Code    20  stm32f4xx_rtc.o(.text)
    RTC_GetAlarm                             0x0800503d   Thumb Code   104  stm32f4xx_rtc.o(.text)
    RTC_AlarmCmd                             0x080050a5   Thumb Code    78  stm32f4xx_rtc.o(.text)
    RTC_AlarmSubSecondConfig                 0x080050f3   Thumb Code    38  stm32f4xx_rtc.o(.text)
    RTC_GetAlarmSubSecond                    0x08005119   Thumb Code    24  stm32f4xx_rtc.o(.text)
    RTC_WakeUpClockConfig                    0x08005131   Thumb Code    34  stm32f4xx_rtc.o(.text)
    RTC_SetWakeUpCounter                     0x08005153   Thumb Code    22  stm32f4xx_rtc.o(.text)
    RTC_GetWakeUpCounter                     0x08005169   Thumb Code    10  stm32f4xx_rtc.o(.text)
    RTC_WakeUpCmd                            0x08005173   Thumb Code    84  stm32f4xx_rtc.o(.text)
    RTC_DayLightSavingConfig                 0x080051c7   Thumb Code    38  stm32f4xx_rtc.o(.text)
    RTC_GetStoreOperation                    0x080051ed   Thumb Code    12  stm32f4xx_rtc.o(.text)
    RTC_OutputConfig                         0x080051f9   Thumb Code    38  stm32f4xx_rtc.o(.text)
    RTC_CoarseCalibConfig                    0x0800521f   Thumb Code    46  stm32f4xx_rtc.o(.text)
    RTC_CoarseCalibCmd                       0x0800524d   Thumb Code    56  stm32f4xx_rtc.o(.text)
    RTC_CalibOutputCmd                       0x08005285   Thumb Code    38  stm32f4xx_rtc.o(.text)
    RTC_CalibOutputConfig                    0x080052ab   Thumb Code    34  stm32f4xx_rtc.o(.text)
    RTC_SmoothCalibConfig                    0x080052cd   Thumb Code    70  stm32f4xx_rtc.o(.text)
    RTC_TimeStampCmd                         0x08005313   Thumb Code    42  stm32f4xx_rtc.o(.text)
    RTC_GetTimeStamp                         0x0800533d   Thumb Code   130  stm32f4xx_rtc.o(.text)
    RTC_GetTimeStampSubSecond                0x080053bf   Thumb Code     8  stm32f4xx_rtc.o(.text)
    RTC_TamperTriggerConfig                  0x080053c7   Thumb Code    24  stm32f4xx_rtc.o(.text)
    RTC_TamperCmd                            0x080053df   Thumb Code    28  stm32f4xx_rtc.o(.text)
    RTC_TamperFilterConfig                   0x080053fb   Thumb Code    18  stm32f4xx_rtc.o(.text)
    RTC_TamperSamplingFreqConfig             0x0800540d   Thumb Code    18  stm32f4xx_rtc.o(.text)
    RTC_TamperPinsPrechargeDuration          0x0800541f   Thumb Code    18  stm32f4xx_rtc.o(.text)
    RTC_TimeStampOnTamperDetectionCmd        0x08005431   Thumb Code    22  stm32f4xx_rtc.o(.text)
    RTC_TamperPullUpCmd                      0x08005447   Thumb Code    22  stm32f4xx_rtc.o(.text)
    RTC_WriteBackupRegister                  0x0800545d   Thumb Code    16  stm32f4xx_rtc.o(.text)
    RTC_ReadBackupRegister                   0x0800546d   Thumb Code    16  stm32f4xx_rtc.o(.text)
    RTC_TamperPinSelection                   0x0800547d   Thumb Code    18  stm32f4xx_rtc.o(.text)
    RTC_TimeStampPinSelection                0x0800548f   Thumb Code    18  stm32f4xx_rtc.o(.text)
    RTC_OutputTypeConfig                     0x080054a1   Thumb Code    18  stm32f4xx_rtc.o(.text)
    RTC_SynchroShiftConfig                   0x080054b3   Thumb Code    84  stm32f4xx_rtc.o(.text)
    RTC_ITConfig                             0x08005507   Thumb Code    60  stm32f4xx_rtc.o(.text)
    RTC_GetFlagStatus                        0x08005543   Thumb Code    22  stm32f4xx_rtc.o(.text)
    RTC_ClearFlag                            0x08005559   Thumb Code    24  stm32f4xx_rtc.o(.text)
    RTC_GetITStatus                          0x08005571   Thumb Code    46  stm32f4xx_rtc.o(.text)
    RTC_ClearITPendingBit                    0x0800559f   Thumb Code    24  stm32f4xx_rtc.o(.text)
    TIM_DeInit                               0x080055ed   Thumb Code   284  stm32f4xx_tim.o(.text)
    TIM_TimeBaseInit                         0x08005709   Thumb Code    96  stm32f4xx_tim.o(.text)
    TIM_TimeBaseStructInit                   0x08005769   Thumb Code    18  stm32f4xx_tim.o(.text)
    TIM_PrescalerConfig                      0x0800577b   Thumb Code     6  stm32f4xx_tim.o(.text)
    TIM_CounterModeConfig                    0x08005781   Thumb Code    12  stm32f4xx_tim.o(.text)
    TIM_SetCounter                           0x0800578d   Thumb Code     4  stm32f4xx_tim.o(.text)
    TIM_SetAutoreload                        0x08005791   Thumb Code     4  stm32f4xx_tim.o(.text)
    TIM_GetCounter                           0x08005795   Thumb Code     4  stm32f4xx_tim.o(.text)
    TIM_GetPrescaler                         0x08005799   Thumb Code     4  stm32f4xx_tim.o(.text)
    TIM_UpdateDisableConfig                  0x0800579d   Thumb Code    20  stm32f4xx_tim.o(.text)
    TIM_UpdateRequestConfig                  0x080057b1   Thumb Code    20  stm32f4xx_tim.o(.text)
    TIM_ARRPreloadConfig                     0x080057c5   Thumb Code    20  stm32f4xx_tim.o(.text)
    TIM_SelectOnePulseMode                   0x080057d9   Thumb Code    16  stm32f4xx_tim.o(.text)
    TIM_SetClockDivision                     0x080057e9   Thumb Code    16  stm32f4xx_tim.o(.text)
    TIM_Cmd                                  0x080057f9   Thumb Code    20  stm32f4xx_tim.o(.text)
    TIM_OC1Init                              0x0800580d   Thumb Code    88  stm32f4xx_tim.o(.text)
    TIM_OC2Init                              0x08005865   Thumb Code   120  stm32f4xx_tim.o(.text)
    TIM_OC3Init                              0x080058dd   Thumb Code   116  stm32f4xx_tim.o(.text)
    TIM_OC4Init                              0x08005951   Thumb Code    88  stm32f4xx_tim.o(.text)
    TIM_OCStructInit                         0x080059a9   Thumb Code    20  stm32f4xx_tim.o(.text)
    TIM_SelectOCxM                           0x080059bd   Thumb Code   130  stm32f4xx_tim.o(.text)
    TIM_SetCompare1                          0x08005a3f   Thumb Code     4  stm32f4xx_tim.o(.text)
    TIM_SetCompare2                          0x08005a43   Thumb Code     4  stm32f4xx_tim.o(.text)
    TIM_SetCompare3                          0x08005a47   Thumb Code     4  stm32f4xx_tim.o(.text)
    TIM_SetCompare4                          0x08005a4b   Thumb Code     4  stm32f4xx_tim.o(.text)
    TIM_ForcedOC1Config                      0x08005a4f   Thumb Code    12  stm32f4xx_tim.o(.text)
    TIM_ForcedOC2Config                      0x08005a5b   Thumb Code    20  stm32f4xx_tim.o(.text)
    TIM_ForcedOC3Config                      0x08005a6f   Thumb Code    12  stm32f4xx_tim.o(.text)
    TIM_ForcedOC4Config                      0x08005a7b   Thumb Code    20  stm32f4xx_tim.o(.text)
    TIM_OC1PreloadConfig                     0x08005a8f   Thumb Code    12  stm32f4xx_tim.o(.text)
    TIM_OC2PreloadConfig                     0x08005a9b   Thumb Code    20  stm32f4xx_tim.o(.text)
    TIM_OC3PreloadConfig                     0x08005aaf   Thumb Code    12  stm32f4xx_tim.o(.text)
    TIM_OC4PreloadConfig                     0x08005abb   Thumb Code    20  stm32f4xx_tim.o(.text)
    TIM_OC1FastConfig                        0x08005acf   Thumb Code    12  stm32f4xx_tim.o(.text)
    TIM_OC2FastConfig                        0x08005adb   Thumb Code    20  stm32f4xx_tim.o(.text)
    TIM_OC3FastConfig                        0x08005aef   Thumb Code    12  stm32f4xx_tim.o(.text)
    TIM_OC4FastConfig                        0x08005afb   Thumb Code    20  stm32f4xx_tim.o(.text)
    TIM_ClearOC1Ref                          0x08005b0f   Thumb Code    12  stm32f4xx_tim.o(.text)
    TIM_ClearOC2Ref                          0x08005b1b   Thumb Code    20  stm32f4xx_tim.o(.text)
    TIM_ClearOC3Ref                          0x08005b2f   Thumb Code    12  stm32f4xx_tim.o(.text)
    TIM_ClearOC4Ref                          0x08005b3b   Thumb Code    20  stm32f4xx_tim.o(.text)
    TIM_OC1PolarityConfig                    0x08005b4f   Thumb Code    12  stm32f4xx_tim.o(.text)
    TIM_OC1NPolarityConfig                   0x08005b5b   Thumb Code    12  stm32f4xx_tim.o(.text)
    TIM_OC2PolarityConfig                    0x08005b67   Thumb Code    20  stm32f4xx_tim.o(.text)
    TIM_OC2NPolarityConfig                   0x08005b7b   Thumb Code    20  stm32f4xx_tim.o(.text)
    TIM_OC3PolarityConfig                    0x08005b8f   Thumb Code    20  stm32f4xx_tim.o(.text)
    TIM_OC3NPolarityConfig                   0x08005ba3   Thumb Code    20  stm32f4xx_tim.o(.text)
    TIM_OC4PolarityConfig                    0x08005bb7   Thumb Code    20  stm32f4xx_tim.o(.text)
    TIM_CCxCmd                               0x08005bcb   Thumb Code    22  stm32f4xx_tim.o(.text)
    TIM_CCxNCmd                              0x08005be1   Thumb Code    22  stm32f4xx_tim.o(.text)
    TIM_SetIC4Prescaler                      0x08005bf7   Thumb Code    24  stm32f4xx_tim.o(.text)
    TIM_SetIC3Prescaler                      0x08005c0f   Thumb Code    16  stm32f4xx_tim.o(.text)
    TIM_SetIC2Prescaler                      0x08005c1f   Thumb Code    24  stm32f4xx_tim.o(.text)
    TIM_SetIC1Prescaler                      0x08005c6d   Thumb Code    16  stm32f4xx_tim.o(.text)
    TIM_ICInit                               0x08005c7d   Thumb Code   164  stm32f4xx_tim.o(.text)
    TIM_ICStructInit                         0x08005d21   Thumb Code    16  stm32f4xx_tim.o(.text)
    TIM_PWMIConfig                           0x08005d31   Thumb Code   104  stm32f4xx_tim.o(.text)
    TIM_GetCapture1                          0x08005d99   Thumb Code     4  stm32f4xx_tim.o(.text)
    TIM_GetCapture2                          0x08005d9d   Thumb Code     4  stm32f4xx_tim.o(.text)
    TIM_GetCapture3                          0x08005da1   Thumb Code     4  stm32f4xx_tim.o(.text)
    TIM_GetCapture4                          0x08005da5   Thumb Code     4  stm32f4xx_tim.o(.text)
    TIM_BDTRConfig                           0x08005da9   Thumb Code    34  stm32f4xx_tim.o(.text)
    TIM_BDTRStructInit                       0x08005dcb   Thumb Code    18  stm32f4xx_tim.o(.text)
    TIM_CtrlPWMOutputs                       0x08005ddd   Thumb Code    22  stm32f4xx_tim.o(.text)
    TIM_SelectCOM                            0x08005df3   Thumb Code    20  stm32f4xx_tim.o(.text)
    TIM_CCPreloadControl                     0x08005e07   Thumb Code    20  stm32f4xx_tim.o(.text)
    TIM_ITConfig                             0x08005e1b   Thumb Code    16  stm32f4xx_tim.o(.text)
    TIM_GenerateEvent                        0x08005e2b   Thumb Code     4  stm32f4xx_tim.o(.text)
    TIM_GetFlagStatus                        0x08005e2f   Thumb Code    14  stm32f4xx_tim.o(.text)
    TIM_ClearFlag                            0x08005e3d   Thumb Code     6  stm32f4xx_tim.o(.text)
    TIM_GetITStatus                          0x08005e43   Thumb Code    24  stm32f4xx_tim.o(.text)
    TIM_ClearITPendingBit                    0x08005e5b   Thumb Code     6  stm32f4xx_tim.o(.text)
    TIM_DMAConfig                            0x08005e61   Thumb Code     8  stm32f4xx_tim.o(.text)
    TIM_DMACmd                               0x08005e69   Thumb Code    16  stm32f4xx_tim.o(.text)
    TIM_SelectCCDMA                          0x08005e79   Thumb Code    20  stm32f4xx_tim.o(.text)
    TIM_InternalClockConfig                  0x08005e8d   Thumb Code    10  stm32f4xx_tim.o(.text)
    TIM_SelectInputTrigger                   0x08005e97   Thumb Code    12  stm32f4xx_tim.o(.text)
    TIM_ITRxExternalClockConfig              0x08005ea3   Thumb Code    18  stm32f4xx_tim.o(.text)
    TIM_TIxExternalClockConfig               0x08005eb5   Thumb Code    46  stm32f4xx_tim.o(.text)
    TIM_ETRConfig                            0x08005ee3   Thumb Code    24  stm32f4xx_tim.o(.text)
    TIM_ETRClockMode1Config                  0x08005efb   Thumb Code    18  stm32f4xx_tim.o(.text)
    TIM_ETRClockMode2Config                  0x08005f0d   Thumb Code    18  stm32f4xx_tim.o(.text)
    TIM_SelectOutputTrigger                  0x08005f1f   Thumb Code    16  stm32f4xx_tim.o(.text)
    TIM_SelectSlaveMode                      0x08005f2f   Thumb Code    16  stm32f4xx_tim.o(.text)
    TIM_SelectMasterSlaveMode                0x08005f3f   Thumb Code    16  stm32f4xx_tim.o(.text)
    TIM_EncoderInterfaceConfig               0x08005f4f   Thumb Code    50  stm32f4xx_tim.o(.text)
    TIM_SelectHallSensor                     0x08005f81   Thumb Code    20  stm32f4xx_tim.o(.text)
    TIM_RemapConfig                          0x08005f95   Thumb Code     6  stm32f4xx_tim.o(.text)
    USART_DeInit                             0x08005fc9   Thumb Code   138  stm32f4xx_usart.o(.text)
    USART_Init                               0x08006053   Thumb Code   164  stm32f4xx_usart.o(.text)
    USART_StructInit                         0x080060f7   Thumb Code    22  stm32f4xx_usart.o(.text)
    USART_ClockInit                          0x0800610d   Thumb Code    28  stm32f4xx_usart.o(.text)
    USART_ClockStructInit                    0x08006129   Thumb Code    12  stm32f4xx_usart.o(.text)
    USART_Cmd                                0x08006135   Thumb Code    20  stm32f4xx_usart.o(.text)
    USART_SetPrescaler                       0x08006149   Thumb Code    16  stm32f4xx_usart.o(.text)
    USART_OverSampling8Cmd                   0x08006159   Thumb Code    20  stm32f4xx_usart.o(.text)
    USART_OneBitMethodCmd                    0x0800616d   Thumb Code    20  stm32f4xx_usart.o(.text)
    USART_SendData                           0x08006181   Thumb Code     8  stm32f4xx_usart.o(.text)
    USART_ReceiveData                        0x08006189   Thumb Code     8  stm32f4xx_usart.o(.text)
    USART_SetAddress                         0x08006191   Thumb Code    16  stm32f4xx_usart.o(.text)
    USART_ReceiverWakeUpCmd                  0x080061a1   Thumb Code    20  stm32f4xx_usart.o(.text)
    USART_WakeUpConfig                       0x080061b5   Thumb Code    16  stm32f4xx_usart.o(.text)
    USART_LINBreakDetectLengthConfig         0x080061c5   Thumb Code    16  stm32f4xx_usart.o(.text)
    USART_LINCmd                             0x080061d5   Thumb Code    20  stm32f4xx_usart.o(.text)
    USART_SendBreak                          0x080061e9   Thumb Code    10  stm32f4xx_usart.o(.text)
    USART_HalfDuplexCmd                      0x080061f3   Thumb Code    20  stm32f4xx_usart.o(.text)
    USART_SetGuardTime                       0x08006207   Thumb Code    16  stm32f4xx_usart.o(.text)
    USART_SmartCardCmd                       0x08006217   Thumb Code    20  stm32f4xx_usart.o(.text)
    USART_SmartCardNACKCmd                   0x0800622b   Thumb Code    20  stm32f4xx_usart.o(.text)
    USART_IrDAConfig                         0x0800623f   Thumb Code    16  stm32f4xx_usart.o(.text)
    USART_IrDACmd                            0x0800624f   Thumb Code    20  stm32f4xx_usart.o(.text)
    USART_DMACmd                             0x08006263   Thumb Code    16  stm32f4xx_usart.o(.text)
    USART_ITConfig                           0x08006273   Thumb Code    48  stm32f4xx_usart.o(.text)
    USART_GetFlagStatus                      0x080062a3   Thumb Code    14  stm32f4xx_usart.o(.text)
    USART_ClearFlag                          0x080062b1   Thumb Code     6  stm32f4xx_usart.o(.text)
    USART_GetITStatus                        0x080062b7   Thumb Code    62  stm32f4xx_usart.o(.text)
    USART_ClearITPendingBit                  0x080062f5   Thumb Code    12  stm32f4xx_usart.o(.text)
    rand                                     0x08006321   Thumb Code    20  rand.o(.text)
    srand                                    0x08006335   Thumb Code     6  rand.o(.text)
    ___aeabi_memcpy8$move                    0x08006345   Thumb Code     0  memmovea.o(.text)
    __aeabi_memcpy                           0x08006345   Thumb Code    64  memmovea.o(.text)
    __aeabi_memcpy4                          0x08006345   Thumb Code     0  memmovea.o(.text)
    __aeabi_memmove                          0x08006345   Thumb Code     0  memmovea.o(.text)
    __aeabi_memmove4                         0x08006345   Thumb Code     0  memmovea.o(.text)
    __aeabi_memmove8                         0x08006345   Thumb Code     0  memmovea.o(.text)
    __aeabi_memset                           0x08006385   Thumb Code    14  memseta.o(.text)
    __aeabi_memset4                          0x08006385   Thumb Code     0  memseta.o(.text)
    __aeabi_memset8                          0x08006385   Thumb Code     0  memseta.o(.text)
    __aeabi_memclr                           0x08006393   Thumb Code     4  memseta.o(.text)
    __aeabi_memclr4                          0x08006393   Thumb Code     0  memseta.o(.text)
    __aeabi_memclr8                          0x08006393   Thumb Code     0  memseta.o(.text)
    _memset$wrapper                          0x08006397   Thumb Code    18  memseta.o(.text)
    __0sscanf                                0x080063a9   Thumb Code    48  __0sscanf.o(.text)
    _scanf_int                               0x080063e1   Thumb Code   332  _scanf_int.o(.text)
    __cpp_initialize__aeabi_                 0x0800652d   Thumb Code    22  cpp_init.o(.text)
    __aeabi_dadd                             0x0800654d   Thumb Code   322  dadd.o(.text)
    __aeabi_dsub                             0x0800668f   Thumb Code     6  dadd.o(.text)
    __aeabi_drsub                            0x08006695   Thumb Code     6  dadd.o(.text)
    __aeabi_dmul                             0x0800669b   Thumb Code   228  dmul.o(.text)
    __aeabi_ddiv                             0x0800677f   Thumb Code   222  ddiv.o(.text)
    __aeabi_i2d                              0x0800685d   Thumb Code    34  dflti.o(.text)
    __aeabi_d2iz                             0x0800687f   Thumb Code    62  dfixi.o(.text)
    __aeabi_d2uiz                            0x080068bd   Thumb Code    50  dfixui.o(.text)
    __aeabi_f2d                              0x080068ef   Thumb Code    38  f2d.o(.text)
    __aeabi_d2f                              0x08006915   Thumb Code    56  d2f.o(.text)
    __aeabi_uidiv                            0x0800694d   Thumb Code     0  uidiv.o(.text)
    __aeabi_uidivmod                         0x0800694d   Thumb Code    44  uidiv.o(.text)
    __aeabi_uldivmod                         0x08006979   Thumb Code    98  uldiv.o(.text)
    __aeabi_llsl                             0x080069db   Thumb Code    30  llshl.o(.text)
    _ll_shift_l                              0x080069db   Thumb Code     0  llshl.o(.text)
    __aeabi_llsr                             0x080069f9   Thumb Code    32  llushr.o(.text)
    _ll_ushift_r                             0x080069f9   Thumb Code     0  llushr.o(.text)
    __aeabi_lasr                             0x08006a19   Thumb Code    36  llsshr.o(.text)
    _ll_sshift_r                             0x08006a19   Thumb Code     0  llsshr.o(.text)
    _chval                                   0x08006a3d   Thumb Code    28  _chval.o(.text)
    __vfscanf_char                           0x08006a65   Thumb Code    20  scanf_char.o(.text)
    _sgetc                                   0x08006a81   Thumb Code    30  _sgetc.o(.text)
    _sbackspace                              0x08006a9f   Thumb Code    34  _sgetc.o(.text)
    __I$use$fp                               0x08006ac1   Thumb Code     0  iusefp.o(.text)
    _float_round                             0x08006ac1   Thumb Code    18  fepilogue.o(.text)
    _float_epilogue                          0x08006ad3   Thumb Code    92  fepilogue.o(.text)
    _double_round                            0x08006b2f   Thumb Code    30  depilogue.o(.text)
    _double_epilogue                         0x08006b4d   Thumb Code   156  depilogue.o(.text)
    __aeabi_d2ulz                            0x08006be9   Thumb Code    48  dfixul.o(.text)
    __aeabi_cdrcmple                         0x08006c19   Thumb Code    48  cdrcmple.o(.text)
    __scatterload                            0x08006c49   Thumb Code    28  init.o(.text)
    __scatterload_rt2                        0x08006c49   Thumb Code     0  init.o(.text)
    isspace                                  0x08006c6d   Thumb Code    10  isspace_c.o(.text)
    __vfscanf                                0x08006c79   Thumb Code   808  _scanf.o(.text)
    __ctype_lookup                           0x08006fa5   Thumb Code    34  ctype_c.o(.text)
    __decompress                             0x08006fcd   Thumb Code     0  __dclz77c.o(.text)
    __decompress2                            0x08006fcd   Thumb Code    94  __dclz77c.o(.text)
    FlightControl::sgn(int)                  0x0800702b   Thumb Code    14  flightcontrol.o(i._ZN13FlightControl3sgnEi)
    USART::usart::operator <<(char*) const   0x08007039   Thumb Code    12  main.o(i._ZNK5USART5usartlsEPc)
    std::abs(float)                          0x08007045   Thumb Code     6  logic.o(i._ZSt3absf)
    std::atan2(float, float)                 0x0800704b   Thumb Code     4  dji_pro_test.o(i._ZSt5atan2ff)
    __0printf                                0x08007051   Thumb Code    22  printfa.o(i.__0printf)
    __1printf                                0x08007051   Thumb Code     0  printfa.o(i.__0printf)
    __2printf                                0x08007051   Thumb Code     0  printfa.o(i.__0printf)
    __c89printf                              0x08007051   Thumb Code     0  printfa.o(i.__0printf)
    printf                                   0x08007051   Thumb Code     0  printfa.o(i.__0printf)
    __ARM_fpclassifyf                        0x08007071   Thumb Code    38  fpclassifyf.o(i.__ARM_fpclassifyf)
    __cxa_guard_acquire                      0x08007097   Thumb Code    16  cxa_guard_acquire.o(i.__cxa_guard_acquire)
    __hardfp_asinf                           0x080070a9   Thumb Code   258  asinf.o(i.__hardfp_asinf)
    __hardfp_atan2f                          0x080071d5   Thumb Code   502  atan2f.o(i.__hardfp_atan2f)
    __mathlib_flt_infnan                     0x08007425   Thumb Code     6  funder.o(i.__mathlib_flt_infnan)
    __mathlib_flt_infnan2                    0x0800742b   Thumb Code     6  funder.o(i.__mathlib_flt_infnan2)
    __mathlib_flt_invalid                    0x08007431   Thumb Code    10  funder.o(i.__mathlib_flt_invalid)
    __mathlib_flt_underflow                  0x08007441   Thumb Code    10  funder.o(i.__mathlib_flt_underflow)
    __scatterload_copy                       0x08007451   Thumb Code    14  handlers.o(i.__scatterload_copy)
    __scatterload_null                       0x0800745f   Thumb Code     2  handlers.o(i.__scatterload_null)
    __scatterload_zeroinit                   0x08007461   Thumb Code    14  handlers.o(i.__scatterload_zeroinit)
    __set_errno                              0x08007471   Thumb Code     6  errno.o(i.__set_errno)
    free                                     0x08007d11   Thumb Code    76  malloc.o(i.free)
    malloc                                   0x08007d61   Thumb Code    92  malloc.o(i.malloc)
    sqrtf                                    0x08007dcd   Thumb Code    62  sqrtf.o(i.sqrtf)
    __ctype_categories                       0x080085ac   Data          64  ctype_c.o(.constdata)
    Region$$Table$$Base                      0x08008750   Number         0  anon$$obj.o(Region$$Table)
    Region$$Table$$Limit                     0x08008770   Number         0  anon$$obj.o(Region$$Table)
    SHT$$INIT_ARRAY$$Base                    0x08008770   Number         0  main.o(.init_array)
    SHT$$INIT_ARRAY$$Limit                   0x08008774   Number         0  cpp_init.o(.init_array)
    SystemCoreClock                          0x20000000   Data           4  system_stm32f4xx.o(.data)
    AHBPrescTable                            0x20000004   Data          16  system_stm32f4xx.o(.data)
    test                                     0x20000014   Data           1  main.o(.data)
    needLine                                 0x20000015   Data           1  main.o(.data)
    needBasket                               0x20000016   Data           1  main.o(.data)
    needCirc                                 0x20000017   Data           1  main.o(.data)
    needGrids                                0x20000018   Data           1  main.o(.data)
    needHeight                               0x20000019   Data           1  main.o(.data)
    needBlue                                 0x2000001a   Data           1  main.o(.data)
    DJIport                                  0x20000020   Data           4  main.o(.data)
    DJI                                      0x20000024   Data          16  main.o(.data)
    lineRefresh                              0x20000034   Data           1  main.o(.data)
    basketRefresh                            0x20000035   Data           1  main.o(.data)
    blueRefresh                              0x20000036   Data           1  main.o(.data)
    activation_callback_flag                 0x20000038   Data           4  main.o(.data)
    debugms                                  0x2000003c   Data           4  main.o(.data)
    tickFlag                                 0x20000040   Data           1  littletask.o(.data)
    LittleTask::registedTasks                0x20000042   Data           2  littletask.o(.data)
    ms                                       0x20000044   Data           4  littletask.o(.data)
    pms                                      0x20000048   Data           4  littletask.o(.data)
    LittleTask::tmpTime                      0x2000004c   Data           4  littletask.o(.data)
    USART::defaultInit                       0x20000050   Data          16  usart.o(.data)
    usart1Device                             0x20000060   Data           4  usart.o(.data)
    usart2Device                             0x20000064   Data           4  usart.o(.data)
    usart3Device                             0x20000068   Data           4  usart.o(.data)
    uart4Device                              0x2000006c   Data           4  usart.o(.data)
    app_set_tab_ptr                          0x20000070   Data           4  dji_pro_app.o(.data)
    app_cmd_tab_ptr                          0x20000074   Data           4  dji_pro_app.o(.data)
    serial_hook                              0x20000078   Data           4  dji_pro_codec.o(.data)
    crc_tab16                                0x2000007c   Data         512  dji_pro_codec.o(.data)
    crc_tab32                                0x2000027c   Data        1024  dji_pro_codec.o(.data)
    Pro_Hw                                   0x2000067c   Data           4  dji_pro_hw.o(.data)
    app_recv_hook                            0x20000684   Data           4  dji_pro_link.o(.data)
    refreshFlag                              0x20000690   Data           2  dji_pro_test.o(.data)
    simple_task_num                          0x20000698   Data           4  dji_pro_test.o(.data)
    key                                      0x200006b8   Data           4  dji_pro_test.o(.data)
    activation_msg                           0x200006c0   Data          44  dji_pro_test.o(.data)
    cmd_handler_tab                          0x200006ec   Data          24  dji_pro_test.o(.data)
    set_handler_tab                          0x20000704   Data          16  dji_pro_test.o(.data)
    datapos                                  0x20000714   Data           4  flightcontrol.o(.data)
    TaskList::TakeOff                        0x20000724   Data          48  logic.o(.data)
    TaskList::Land                           0x20000754   Data          64  logic.o(.data)
    TaskList::MiniTest                       0x20000794   Data         384  logic.o(.data)
    TaskList::SetMini                        0x20000914   Data           8  logic.o(.data)
    TaskList::SelfTest                       0x2000091c   Data         176  logic.o(.data)
    TaskList::LineTest                       0x200009cc   Data         128  logic.o(.data)
    TaskList::MoveLittle                     0x20000a4c   Data          32  logic.o(.data)
    TaskList::MoveLittle2                    0x20000a6c   Data          32  logic.o(.data)
    TaskList::MoveLittle3                    0x20000a8c   Data          32  logic.o(.data)
    TaskList::MoveLittle4                    0x20000aac   Data          32  logic.o(.data)
    TaskList::MoveBack                       0x20000acc   Data          96  logic.o(.data)
    TaskList::Take                           0x20000b2c   Data         112  logic.o(.data)
    TaskList::Drop                           0x20000b9c   Data         176  logic.o(.data)
    TaskList::Basket                         0x20000c4c   Data          48  logic.o(.data)
    TaskList::SetTest                        0x20000c7c   Data           8  logic.o(.data)
    TaskList::SetLine                        0x20000c84   Data           8  logic.o(.data)
    TaskList::Little1                        0x20000c8c   Data           8  logic.o(.data)
    TaskList::Little2                        0x20000c94   Data           8  logic.o(.data)
    TaskList::Little3                        0x20000c9c   Data           8  logic.o(.data)
    TaskList::Little4                        0x20000ca4   Data           8  logic.o(.data)
    TaskList::SetBack                        0x20000cac   Data           8  logic.o(.data)
    TaskList::SetTake                        0x20000cb4   Data           8  logic.o(.data)
    TaskList::SetDrop                        0x20000cbc   Data           8  logic.o(.data)
    TaskList::SetTakeOff                     0x20000cc4   Data           8  logic.o(.data)
    TaskList::SetLandIn                      0x20000ccc   Data           8  logic.o(.data)
    TaskList::SetBasket                      0x20000cd4   Data           8  logic.o(.data)
    offset::height                           0x20000cdc   Data           4  logic.o(.data)
    offset::altitude                         0x20000ce0   Data           4  logic.o(.data)
    offset::yaw                              0x20000ce4   Data           4  logic.o(.data)
    offset::times                            0x20000ce8   Data           4  logic.o(.data)
    TaskList::n                              0x20000cec   Data           4  logic.o(.data)
    TaskList::current                        0x20000cf0   Data           4  logic.o(.data)
    TaskList::startTime                      0x20000cf4   Data           4  logic.o(.data)
    TaskList::remain                         0x20000cf8   Data           4  logic.o(.data)
    g_rtc_erro                               0x20000cfc   Data           1  rtc.o(.data)
    AsynchPrediv                             0x20000d00   Data           4  rtc.o(.data)
    SynchPrediv                              0x20000d04   Data           4  rtc.o(.data)
    __stdout                                 0x20000d1c   Data           4  stdout.o(.data)
    __microlib_freelist                      0x20000d20   Data           4  mvars.o(.data)
    __microlib_freelist_initialised          0x20000d24   Data           4  mvars.o(.data)
    debug                                    0x20000d2c   Data          20  main.o(.bss)
    upper2                                   0x20000d40   Data          20  main.o(.bss)
    upper                                    0x20000d54   Data          20  main.o(.bss)
    machine                                  0x20000d68   Data          40  main.o(.bss)
    LittleTask::list                         0x20000d90   Data          40  littletask.o(.bss)
    serial_sdk                               0x200015bc   Data         340  dji_pro_codec.o(.bss)
    DJIbuffer                                0x20001710   Data        1024  dji_pro_hw.o(.bss)
    recv_sdk_std_msgs                        0x2000a130   Data         120  dji_pro_test.o(.bss)
    Pos                                      0x2000a1a8   Data          12  dji_pro_test.o(.bss)
    Agl                                      0x2000a1b4   Data          12  dji_pro_test.o(.bss)
    command                                  0x2000a1c0   Data          17  flightcontrol.o(.bss)
    target                                   0x2000a1d1   Data          17  flightcontrol.o(.bss)
    dataBuf                                  0x2000a1e2   Data         200  flightcontrol.o(.bss)
    tmpLine                                  0x2000a2ac   Data          16  flightcontrol.o(.bss)
    tmpBasket                                0x2000a2bc   Data          20  flightcontrol.o(.bss)
    tmpBlue                                  0x2000a2d0   Data          12  flightcontrol.o(.bss)
    g_current_time                           0x2000a2dc   Data          12  rtc.o(.bss)
    __heap_base                              0x2000a2e8   Data           0  startup_stm32f40_41xxx.o(HEAP)
    __heap_limit                             0x2000a4e8   Data           0  startup_stm32f40_41xxx.o(HEAP)
    __initial_sp                             0x2000a8e8   Data           0  startup_stm32f40_41xxx.o(STACK)



==============================================================================

Memory Map of the image

  Image Entry point : 0x08000189

  Load Region LR_IROM1 (Base: 0x08000000, Size: 0x000094a0, Max: 0x00080000, ABSOLUTE, COMPRESSED[0x00008f30])

    Execution Region ER_IROM1 (Base: 0x08000000, Size: 0x00008774, Max: 0x00080000, ABSOLUTE)

    Base Addr    Size         Type   Attr      Idx    E Section Name        Object

    0x08000000   0x00000188   Data   RO            3    RESET               startup_stm32f40_41xxx.o
    0x08000188   0x00000000   Code   RO         2062  * .ARM.Collect$$$$00000000  mc_w.l(entry.o)
    0x08000188   0x00000004   Code   RO         2420    .ARM.Collect$$$$00000001  mc_w.l(entry2.o)
    0x0800018c   0x00000004   Code   RO         2423    .ARM.Collect$$$$00000004  mc_w.l(entry5.o)
    0x08000190   0x00000000   Code   RO         2425    .ARM.Collect$$$$00000008  mc_w.l(entry7b.o)
    0x08000190   0x00000004   Code   RO         2426    .ARM.Collect$$$$00000009  mc_w.l(entry8a.o)
    0x08000194   0x00000000   Code   RO         2427    .ARM.Collect$$$$0000000A  mc_w.l(entry8b.o)
    0x08000194   0x00000008   Code   RO         2428    .ARM.Collect$$$$0000000B  mc_w.l(entry9a.o)
    0x0800019c   0x00000000   Code   RO         2430    .ARM.Collect$$$$0000000D  mc_w.l(entry10a.o)
    0x0800019c   0x00000000   Code   RO         2432    .ARM.Collect$$$$0000000F  mc_w.l(entry11a.o)
    0x0800019c   0x00000004   Code   RO         2421    .ARM.Collect$$$$00002712  mc_w.l(entry2.o)
    0x080001a0   0x00000024   Code   RO            4    .text               startup_stm32f40_41xxx.o
    0x080001c4   0x0000017c   Code   RO           13    .text               system_stm32f4xx.o
    0x08000340   0x0000083c   Code   RO          144    .text               main.o
    0x08000b7c   0x000000dc   Code   RO          386    .text               littletask.o
    0x08000c58   0x00000168   Code   RO          426    .text               servo.o
    0x08000dc0   0x00000568   Code   RO          450    .text               usart.o
    0x08001328   0x00000044   Code   RO          505    .text               cppforstm32.o
    0x0800136c   0x00000200   Code   RO          534    .text               mechanical.o
    0x0800156c   0x00000420   Code   RO          558    .text               dji_pro_app.o
    0x0800198c   0x0000085c   Code   RO          676    .text               dji_pro_codec.o
    0x080021e8   0x00000058   Code   RO          714    .text               dji_pro_hw.o
    0x08002240   0x00000724   Code   RO          749    .text               dji_pro_link.o
    0x08002964   0x00000fbc   Code   RO          792    .text               dji_pro_test.o
    0x08003920   0x0000033c   Code   RO          932    .text               flightcontrol.o
    0x08003c5c   0x00000470   Code   RO          994    .text               logic.o
    0x080040cc   0x0000018c   Code   RO         1147    .text               rtc.o
    0x08004258   0x000000b0   Code   RO         1205    .text               misc.o
    0x08004308   0x000000e0   Code   RO         1520    .text               stm32f4xx_exti.o
    0x080043e8   0x00000238   Code   RO         1593    .text               stm32f4xx_gpio.o
    0x08004620   0x0000011c   Code   RO         1764    .text               stm32f4xx_pwr.o
    0x0800473c   0x00000468   Code   RO         1788    .text               stm32f4xx_rcc.o
    0x08004ba4   0x00000a48   Code   RO         1838    .text               stm32f4xx_rtc.o
    0x080055ec   0x000009dc   Code   RO         1962    .text               stm32f4xx_tim.o
    0x08005fc8   0x00000358   Code   RO         1987    .text               stm32f4xx_usart.o
    0x08006320   0x00000024   Code   RO         2065    .text               mc_w.l(rand.o)
    0x08006344   0x00000040   Code   RO         2070    .text               mc_w.l(memmovea.o)
    0x08006384   0x00000024   Code   RO         2072    .text               mc_w.l(memseta.o)
    0x080063a8   0x00000038   Code   RO         2367    .text               mc_w.l(__0sscanf.o)
    0x080063e0   0x0000014c   Code   RO         2369    .text               mc_w.l(_scanf_int.o)
    0x0800652c   0x00000020   Code   RO         2374    .text               mc_w.l(cpp_init.o)
    0x0800654c   0x0000014e   Code   RO         2376    .text               mf_w.l(dadd.o)
    0x0800669a   0x000000e4   Code   RO         2378    .text               mf_w.l(dmul.o)
    0x0800677e   0x000000de   Code   RO         2380    .text               mf_w.l(ddiv.o)
    0x0800685c   0x00000022   Code   RO         2382    .text               mf_w.l(dflti.o)
    0x0800687e   0x0000003e   Code   RO         2384    .text               mf_w.l(dfixi.o)
    0x080068bc   0x00000032   Code   RO         2386    .text               mf_w.l(dfixui.o)
    0x080068ee   0x00000026   Code   RO         2388    .text               mf_w.l(f2d.o)
    0x08006914   0x00000038   Code   RO         2390    .text               mf_w.l(d2f.o)
    0x0800694c   0x0000002c   Code   RO         2435    .text               mc_w.l(uidiv.o)
    0x08006978   0x00000062   Code   RO         2437    .text               mc_w.l(uldiv.o)
    0x080069da   0x0000001e   Code   RO         2439    .text               mc_w.l(llshl.o)
    0x080069f8   0x00000020   Code   RO         2441    .text               mc_w.l(llushr.o)
    0x08006a18   0x00000024   Code   RO         2443    .text               mc_w.l(llsshr.o)
    0x08006a3c   0x0000001c   Code   RO         2454    .text               mc_w.l(_chval.o)
    0x08006a58   0x00000028   Code   RO         2456    .text               mc_w.l(scanf_char.o)
    0x08006a80   0x00000040   Code   RO         2458    .text               mc_w.l(_sgetc.o)
    0x08006ac0   0x00000000   Code   RO         2460    .text               mc_w.l(iusefp.o)
    0x08006ac0   0x0000006e   Code   RO         2461    .text               mf_w.l(fepilogue.o)
    0x08006b2e   0x000000ba   Code   RO         2463    .text               mf_w.l(depilogue.o)
    0x08006be8   0x00000030   Code   RO         2465    .text               mf_w.l(dfixul.o)
    0x08006c18   0x00000030   Code   RO         2467    .text               mf_w.l(cdrcmple.o)
    0x08006c48   0x00000024   Code   RO         2469    .text               mc_w.l(init.o)
    0x08006c6c   0x0000000a   Code   RO         2471    .text               mc_w.l(isspace_c.o)
    0x08006c76   0x00000002   PAD
    0x08006c78   0x0000032c   Code   RO         2473    .text               mc_w.l(_scanf.o)
    0x08006fa4   0x00000028   Code   RO         2475    .text               mc_w.l(ctype_c.o)
    0x08006fcc   0x0000005e   Code   RO         2486    .text               mc_w.l(__dclz77c.o)
    0x0800702a   0x0000000e   Code   RO          954    i._ZN13FlightControl3sgnEi  flightcontrol.o
    0x08007038   0x0000000c   Code   RO          178    i._ZNK5USART5usartlsEPc  main.o
    0x08007044   0x00000006   Code   RO         1041    i._ZSt3absf         logic.o
    0x0800704a   0x00000004   Code   RO          819    i._ZSt5atan2ff      dji_pro_test.o
    0x0800704e   0x00000002   PAD
    0x08007050   0x00000020   Code   RO         2311    i.__0printf         mc_w.l(printfa.o)
    0x08007070   0x00000026   Code   RO         2392    i.__ARM_fpclassifyf  m_wm.l(fpclassifyf.o)
    0x08007096   0x00000010   Code   RO         2032    i.__cxa_guard_acquire  cpprt_w.l(cxa_guard_acquire.o)
    0x080070a6   0x00000002   PAD
    0x080070a8   0x0000012c   Code   RO         2038    i.__hardfp_asinf    m_wm.l(asinf.o)
    0x080071d4   0x00000250   Code   RO         2050    i.__hardfp_atan2f   m_wm.l(atan2f.o)
    0x08007424   0x00000006   Code   RO         2395    i.__mathlib_flt_infnan  m_wm.l(funder.o)
    0x0800742a   0x00000006   Code   RO         2396    i.__mathlib_flt_infnan2  m_wm.l(funder.o)
    0x08007430   0x00000010   Code   RO         2397    i.__mathlib_flt_invalid  m_wm.l(funder.o)
    0x08007440   0x00000010   Code   RO         2400    i.__mathlib_flt_underflow  m_wm.l(funder.o)
    0x08007450   0x0000000e   Code   RO         2480    i.__scatterload_copy  mc_w.l(handlers.o)
    0x0800745e   0x00000002   Code   RO         2481    i.__scatterload_null  mc_w.l(handlers.o)
    0x08007460   0x0000000e   Code   RO         2482    i.__scatterload_zeroinit  mc_w.l(handlers.o)
    0x0800746e   0x00000002   PAD
    0x08007470   0x0000000c   Code   RO         2449    i.__set_errno       mc_w.l(errno.o)
    0x0800747c   0x00000164   Code   RO         2318    i._fp_digits        mc_w.l(printfa.o)
    0x080075e0   0x000006dc   Code   RO         2319    i._printf_core      mc_w.l(printfa.o)
    0x08007cbc   0x00000024   Code   RO         2320    i._printf_post_padding  mc_w.l(printfa.o)
    0x08007ce0   0x0000002e   Code   RO         2321    i._printf_pre_padding  mc_w.l(printfa.o)
    0x08007d0e   0x00000002   PAD
    0x08007d10   0x00000050   Code   RO         2339    i.free              mc_w.l(malloc.o)
    0x08007d60   0x0000006c   Code   RO         2340    i.malloc            mc_w.l(malloc.o)
    0x08007dcc   0x0000003e   Code   RO         2410    i.sqrtf             m_wm.l(sqrtf.o)
    0x08007e0a   0x00000200   Data   RO          679    .constdata          dji_pro_codec.o
    0x0800800a   0x00000002   PAD
    0x0800800c   0x0000006c   Data   RO          752    .constdata          dji_pro_link.o
    0x08008078   0x00000534   Data   RO          795    .constdata          dji_pro_test.o
    0x080085ac   0x00000040   Data   RO         2476    .constdata          mc_w.l(ctype_c.o)
    0x080085ec   0x00000041   Data   RO          148    .conststring        main.o
    0x0800862d   0x00000003   PAD
    0x08008630   0x00000044   Data   RO          561    .conststring        dji_pro_app.o
    0x08008674   0x00000095   Data   RO          753    .conststring        dji_pro_link.o
    0x08008709   0x00000003   PAD
    0x0800870c   0x00000041   Data   RO          796    .conststring        dji_pro_test.o
    0x0800874d   0x00000003   PAD
    0x08008750   0x00000020   Data   RO         2478    Region$$Table       anon$$obj.o
    0x08008770   0x00000004   Data   RO          158    .init_array         main.o
    0x08008774   0x00000000   Data   RO         2372    .init_array         mc_w.l(cpp_init.o)


    Execution Region RW_IRAM1 (Base: 0x20000000, Size: 0x0000a8e8, Max: 0x00020000, ABSOLUTE, COMPRESSED[0x000007bc])

    Base Addr    Size         Type   Attr      Idx    E Section Name        Object

    0x20000000   0x00000014   Data   RW           14    .data               system_stm32f4xx.o
    0x20000014   0x00000020   Data   RW          149    .data               main.o
    0x20000034   0x00000001   Data   RW          153    .data               main.o
    0x20000035   0x00000001   Data   RW          154    .data               main.o
    0x20000036   0x00000001   Data   RW          155    .data               main.o
    0x20000037   0x00000001   PAD
    0x20000038   0x00000004   Data   RW          156    .data               main.o
    0x2000003c   0x00000004   Data   RW          157    .data               main.o
    0x20000040   0x00000010   Data   RW          389    .data               littletask.o
    0x20000050   0x00000010   Data   RW          453    .data               usart.o
    0x20000060   0x00000010   Data   RW          454    .data               usart.o
    0x20000070   0x00000008   Data   RW          562    .data               dji_pro_app.o
    0x20000078   0x00000604   Data   RW          680    .data               dji_pro_codec.o
    0x2000067c   0x00000004   Data   RW          717    .data               dji_pro_hw.o
    0x20000680   0x00000008   Data   RW          754    .data               dji_pro_link.o
    0x20000688   0x00000064   Data   RW          797    .data               dji_pro_test.o
    0x200006ec   0x00000018   Data   RW          798    .data               dji_pro_test.o
    0x20000704   0x00000010   Data   RW          799    .data               dji_pro_test.o
    0x20000714   0x00000010   Data   RW          935    .data               flightcontrol.o
    0x20000724   0x00000030   Data   RW          997    .data               logic.o
    0x20000754   0x00000040   Data   RW          998    .data               logic.o
    0x20000794   0x00000180   Data   RW          999    .data               logic.o
    0x20000914   0x00000008   Data   RW         1000    .data               logic.o
    0x2000091c   0x000000b0   Data   RW         1001    .data               logic.o
    0x200009cc   0x00000080   Data   RW         1002    .data               logic.o
    0x20000a4c   0x00000020   Data   RW         1003    .data               logic.o
    0x20000a6c   0x00000020   Data   RW         1004    .data               logic.o
    0x20000a8c   0x00000020   Data   RW         1005    .data               logic.o
    0x20000aac   0x00000020   Data   RW         1006    .data               logic.o
    0x20000acc   0x00000060   Data   RW         1007    .data               logic.o
    0x20000b2c   0x00000070   Data   RW         1008    .data               logic.o
    0x20000b9c   0x000000b0   Data   RW         1009    .data               logic.o
    0x20000c4c   0x00000030   Data   RW         1010    .data               logic.o
    0x20000c7c   0x00000008   Data   RW         1011    .data               logic.o
    0x20000c84   0x00000008   Data   RW         1012    .data               logic.o
    0x20000c8c   0x00000008   Data   RW         1013    .data               logic.o
    0x20000c94   0x00000008   Data   RW         1014    .data               logic.o
    0x20000c9c   0x00000008   Data   RW         1015    .data               logic.o
    0x20000ca4   0x00000008   Data   RW         1016    .data               logic.o
    0x20000cac   0x00000008   Data   RW         1017    .data               logic.o
    0x20000cb4   0x00000008   Data   RW         1018    .data               logic.o
    0x20000cbc   0x00000008   Data   RW         1019    .data               logic.o
    0x20000cc4   0x00000008   Data   RW         1020    .data               logic.o
    0x20000ccc   0x00000008   Data   RW         1021    .data               logic.o
    0x20000cd4   0x00000008   Data   RW         1022    .data               logic.o
    0x20000cdc   0x00000020   Data   RW         1023    .data               logic.o
    0x20000cfc   0x0000000c   Data   RW         1149    .data               rtc.o
    0x20000d08   0x00000010   Data   RW         1789    .data               stm32f4xx_rcc.o
    0x20000d18   0x00000004   Data   RW         2066    .data               mc_w.l(rand.o)
    0x20000d1c   0x00000004   Data   RW         2434    .data               mc_w.l(stdout.o)
    0x20000d20   0x00000004   Data   RW         2445    .data               mc_w.l(mvars.o)
    0x20000d24   0x00000004   Data   RW         2446    .data               mc_w.l(mvars.o)
    0x20000d28   0x00000004   Data   RW         2450    .data               mc_w.l(errno.o)
    0x20000d2c   0x00000064   Zero   RW          146    .bss                main.o
    0x20000d90   0x00000028   Zero   RW          388    .bss                littletask.o
    0x20000db8   0x00000804   Zero   RW          560    .bss                dji_pro_app.o
    0x200015bc   0x00000154   Zero   RW          678    .bss                dji_pro_codec.o
    0x20001710   0x00000400   Zero   RW          716    .bss                dji_pro_hw.o
    0x20001b10   0x00008620   Zero   RW          751    .bss                dji_pro_link.o
    0x2000a130   0x00000090   Zero   RW          794    .bss                dji_pro_test.o
    0x2000a1c0   0x0000011c   Zero   RW          934    .bss                flightcontrol.o
    0x2000a2dc   0x0000000c   Zero   RW         1148    .bss                rtc.o
    0x2000a2e8   0x00000200   Zero   RW            2    HEAP                startup_stm32f40_41xxx.o
    0x2000a4e8   0x00000400   Zero   RW            1    STACK               startup_stm32f40_41xxx.o


==============================================================================

Image component sizes


      Code (inc. data)   RO Data    RW Data    ZI Data      Debug   Object Name

        68          4          0          0          0       3591   cppforstm32.o
      1056        394         68          8       2052     241224   dji_pro_app.o
      2140         30        512       1540        340      12998   dji_pro_codec.o
        88         10          0          4       1024       2105   dji_pro_hw.o
      1828        238        257          8      34336       6771   dji_pro_link.o
      4032       1178       1397        140        144      15659   dji_pro_test.o
       842        102          0         16        284       4079   flightcontrol.o
       220         18          0         16         40      28971   littletask.o
      1142        178          0       1496          0      10526   logic.o
      2120        448         69         43        100     281690   main.o
       512         14          0          0          0       2116   mechanical.o
       176         12          0          0          0       1769   misc.o
       396         14          0         12         12       2608   rtc.o
       360          8          0          0          0       1716   servo.o
        36          8        392          0       1536        856   startup_stm32f40_41xxx.o
       224         10          0          0          0       2167   stm32f4xx_exti.o
       568         46          0          0          0       3749   stm32f4xx_gpio.o
       284         12          0          0          0       3054   stm32f4xx_pwr.o
      1128         48          0         16          0      11374   stm32f4xx_rcc.o
      2632         40          0          0          0      13830   stm32f4xx_rtc.o
      2524         52          0          0          0      18254   stm32f4xx_tim.o
       856         32          0          0          0       6732   stm32f4xx_usart.o
       380         36          0         20          0     299595   system_stm32f4xx.o
      1384         36          0         32          0       9254   usart.o

    ----------------------------------------------------------------------
     24998       2968       2738       3352      39868     984688   Object Totals
         0          0         32          0          0          0   (incl. Generated)
         2          0         11          1          0          0   (incl. Padding)

    ----------------------------------------------------------------------

      Code (inc. data)   RO Data    RW Data    ZI Data      Debug   Library Member Name

        16          0          0          0          0         68   cxa_guard_acquire.o
       300         42          0          0          0        176   asinf.o
       592         90          0          0          0        184   atan2f.o
        38          0          0          0          0        116   fpclassifyf.o
        44         12          0          0          0        464   funder.o
        62          0          0          0          0        136   sqrtf.o
        56          8          0          0          0         84   __0sscanf.o
        94          0          0          0          0          0   __dclz77c.o
        28          0          0          0          0         68   _chval.o
       812          4          0          0          0        112   _scanf.o
       332          0          0          0          0         96   _scanf_int.o
        64          0          0          0          0         84   _sgetc.o
        32         10          0          0          0         80   cpp_init.o
        40          6         64          0          0         68   ctype_c.o
         0          0          0          0          0          0   entry.o
         0          0          0          0          0          0   entry10a.o
         0          0          0          0          0          0   entry11a.o
         8          4          0          0          0          0   entry2.o
         4          0          0          0          0          0   entry5.o
         0          0          0          0          0          0   entry7b.o
         4          0          0          0          0          0   entry8a.o
         0          0          0          0          0          0   entry8b.o
         8          4          0          0          0          0   entry9a.o
        12          6          0          4          0         68   errno.o
        30          0          0          0          0          0   handlers.o
        36          8          0          0          0         68   init.o
        10          0          0          0          0         68   isspace_c.o
         0          0          0          0          0          0   iusefp.o
        30          0          0          0          0         68   llshl.o
        36          0          0          0          0         68   llsshr.o
        32          0          0          0          0         68   llushr.o
       188         20          0          0          0        160   malloc.o
        64          0          0          0          0         76   memmovea.o
        36          0          0          0          0        108   memseta.o
         0          0          0          8          0          0   mvars.o
      2226         90          0          0          0        444   printfa.o
        36         10          0          4          0        136   rand.o
        40          8          0          0          0         84   scanf_char.o
         0          0          0          4          0          0   stdout.o
        44          0          0          0          0         80   uidiv.o
        98          0          0          0          0         92   uldiv.o
        48          0          0          0          0         68   cdrcmple.o
        56          0          0          0          0         88   d2f.o
       334          0          0          0          0        148   dadd.o
       222          0          0          0          0        100   ddiv.o
       186          0          0          0          0        176   depilogue.o
        62          0          0          0          0         80   dfixi.o
        50          0          0          0          0         76   dfixui.o
        48          0          0          0          0         68   dfixul.o
        34          0          0          0          0         76   dflti.o
       228          0          0          0          0         96   dmul.o
        38          0          0          0          0         68   f2d.o
       110          0          0          0          0        168   fepilogue.o

    ----------------------------------------------------------------------
      6876        322         64         20          0       4536   Library Totals
         8          0          0          0          0          0   (incl. Padding)

    ----------------------------------------------------------------------

      Code (inc. data)   RO Data    RW Data    ZI Data      Debug   Library Name

        16          0          0          0          0         68   cpprt_w.l
      1036        144          0          0          0       1076   m_wm.l
      4400        178         64         20          0       2180   mc_w.l
      1416          0          0          0          0       1212   mf_w.l

    ----------------------------------------------------------------------
      6876        322         64         20          0       4536   Library Totals

    ----------------------------------------------------------------------

==============================================================================


      Code (inc. data)   RO Data    RW Data    ZI Data      Debug   

     31874       3290       2802       3372      39868     979384   Grand Totals
     31874       3290       2802       1980      39868     979384   ELF Image Totals (compressed)
     31874       3290       2802       1980          0          0   ROM Totals

==============================================================================

    Total RO  Size (Code + RO Data)                34676 (  33.86kB)
    Total RW  Size (RW Data + ZI Data)             43240 (  42.23kB)
    Total ROM Size (Code + RO Data + RW Data)      36656 (  35.80kB)

==============================================================================

