<html>
<body>
<pre>
<h1>µVision Build Log</h1>
<h2>Tool Versions:</h2>
IDE-Version: ¦ÌVision V5.14.0.0
Copyright (C) 2015 ARM Ltd and ARM Germany GmbH. All rights reserved.
License Information: Willim Wu, FOS, LIC=----
 
Tool Versions:
Toolchain:       MDK-ARM Professional  Version: 5.14.0.0
Toolchain Path:  C:\Keil_v5\ARM\ARMCC\Bin
C Compiler:      Armcc.exe V5.05 update 1 (build 106)
Assembler:       Armasm.exe V5.05 update 1 (build 106)
Linker/Locator:  ArmLink.exe V5.05 update 1 (build 106)
Library Manager: ArmAr.exe V5.05 update 1 (build 106)
Hex Converter:   FromElf.exe V5.05 update 1 (build 106)
CPU DLL:         SARMCM3.DLL V5.14.0.0
Dialog DLL:      DCM.DLL V1.13.1.0
Target DLL:      STLink\ST-LINKIII-KEIL_SWO.dll V2.0.14.0_KEIL
Dialog DLL:      TCM.DLL V1.14.4.0
 
<h2>Project:</h2>
D:\GIT\DJI\SoftWare\FOS-407\Project\test.uvprojx
Project File Date:  10/27/2015

<h2>Output:</h2>
Rebuild target 'test'
assembling startup_stm32f40_41xxx.s...
compiling system_stm32f4xx.c...
compiling main.cpp...
compiling gpio.cpp...
compiling littletask.cpp...
compiling n1sdk.cpp...
compiling servo.cpp...
compiling usart.cpp...
..\FOSLib\usart.cpp(431): warning:  #111-D: statement is unreachable
      return 0;
..\FOSLib\usart.cpp: 1 warning, 0 errors
compiling wall.cpp...
compiling cppforstm32.cpp...
compiling mechanical.cpp...
compiling DJI_Pro_App.cpp...
..\DJISDK\DJI_Pro_App.cpp(96): warning:  #177-D: variable "testdata" was declared but never referenced
      uint8_t testdata = *pos;
..\DJISDK\DJI_Pro_App.cpp: 1 warning, 0 errors
compiling DJI_Pro_Codec.cpp...
compiling DJI_Pro_Hw.cpp...
compiling DJI_Pro_Link.cpp...
compiling DJI_Pro_Test.cpp...
..\DJISDK\DJI_Pro_Test.cpp(139): warning:  #1035-D: single-precision operand implicitly converted to double-precision
      Agl.x = atan2(2*(q0*q1+q2*q3),1-2*(q2*q2+q1*q1))*180/3.1415926;
..\DJISDK\DJI_Pro_Test.cpp(140): warning:  #1035-D: single-precision operand implicitly converted to double-precision
      Agl.y = asin(2*(q0*q2-q1*q3))*180/3.1415926;
..\DJISDK\DJI_Pro_Test.cpp(141): warning:  #1035-D: single-precision operand implicitly converted to double-precision
      Agl.z = atan2(2*(q0*q3+q2*q1),1-2*(q3*q3+q2*q2))*180/3.1415926;
..\DJISDK\DJI_Pro_Test.cpp: 3 warnings, 0 errors
compiling flightcontrol.cpp...
compiling cv.cpp...
compiling logic.cpp...
..\FlightControl\logic.cpp(29): warning:  #1035-D: single-precision operand implicitly converted to double-precision
      if(abs(error) > 0.05)
..\FlightControl\logic.cpp(41): warning:  #111-D: statement is unreachable
      return false;
..\FlightControl\logic.cpp: 2 warnings, 0 errors
compiling led.c...
compiling key.c...
compiling rtc.c...
compiling spi_flash.cpp...
compiling misc.c...
compiling stm32f4xx_adc.c...
compiling stm32f4xx_can.c...
compiling stm32f4xx_crc.c...
compiling stm32f4xx_cryp.c...
compiling stm32f4xx_cryp_aes.c...
compiling stm32f4xx_cryp_des.c...
compiling stm32f4xx_cryp_tdes.c...
compiling stm32f4xx_dac.c...
compiling stm32f4xx_dbgmcu.c...
compiling stm32f4xx_dcmi.c...
compiling stm32f4xx_dma.c...
compiling stm32f4xx_dma2d.c...
compiling stm32f4xx_exti.c...
compiling stm32f4xx_flash.c...
compiling stm32f4xx_fsmc.c...
compiling stm32f4xx_gpio.c...
compiling stm32f4xx_hash.c...
compiling stm32f4xx_hash_md5.c...
compiling stm32f4xx_hash_sha1.c...
compiling stm32f4xx_i2c.c...
compiling stm32f4xx_iwdg.c...
compiling stm32f4xx_ltdc.c...
compiling stm32f4xx_pwr.c...
compiling stm32f4xx_rcc.c...
compiling stm32f4xx_rng.c...
compiling stm32f4xx_rtc.c...
compiling stm32f4xx_sai.c...
compiling stm32f4xx_sdio.c...
compiling stm32f4xx_spi.c...
compiling stm32f4xx_syscfg.c...
compiling stm32f4xx_tim.c...
compiling stm32f4xx_usart.c...
compiling stm32f4xx_wwdg.c...
linking...
Program Size: Code=31874 RO-data=2802 RW-data=3372 ZI-data=39868  
FromELF: creating hex file...
".\Obj\RTC.axf" - 0 Error(s), 7 Warning(s).

<h2>Collection of Component include folders:</h2>
  D:\GIT\DJI\SoftWare\FOS-407\Project\RTE
  C:\Keil_v5\ARM\PACK\Keil\STM32F4xx_DFP\2.6.0

<h2>Collection of Component Files used:</h2>
</pre>
</body>
</html>
